

================================================================
== Vitis HLS Report for 'Block_split7793_proc'
================================================================
* Date:           Wed Feb 24 15:50:07 2021

* Version:        2020.2 (Build 3064766 on Wed Nov 18 09:12:47 MST 2020)
* Project:        batch
* Solution:       solution1 (Vivado IP Flow Target)
* Product family: zynquplus
* Target device:  xczu3eg-sbva484-1-i


================================================================
== Performance Estimates
================================================================
+ Timing: 
    * Summary: 
    +--------+---------+----------+------------+
    |  Clock |  Target | Estimated| Uncertainty|
    +--------+---------+----------+------------+
    |ap_clk  |  3.00 ns|  2.020 ns|     0.81 ns|
    +--------+---------+----------+------------+

+ Latency: 
    * Summary: 
    +---------+---------+-----------+-----------+-----+-----+---------+
    |  Latency (cycles) |   Latency (absolute)  |  Interval | Pipeline|
    |   min   |   max   |    min    |    max    | min | max |   Type  |
    +---------+---------+-----------+-----------+-----+-----+---------+
    |       12|       12|  36.000 ns|  36.000 ns|   12|   12|     none|
    +---------+---------+-----------+-----------+-----+-----+---------+

    + Detail: 
        * Instance: 
        N/A

        * Loop: 
        N/A



================================================================
== Utilization Estimates
================================================================
* Summary: 
+-----------------+---------+-----+--------+-------+-----+
|       Name      | BRAM_18K| DSP |   FF   |  LUT  | URAM|
+-----------------+---------+-----+--------+-------+-----+
|DSP              |        -|    -|       -|      -|    -|
|Expression       |        -|    -|       0|    105|    -|
|FIFO             |        -|    -|       -|      -|    -|
|Instance         |        -|    0|     645|      3|    -|
|Memory           |        -|    -|       -|      -|    -|
|Multiplexer      |        -|    -|       -|    101|    -|
|Register         |        -|    -|     263|      -|    -|
+-----------------+---------+-----+--------+-------+-----+
|Total            |        0|    0|     908|    209|    0|
+-----------------+---------+-----+--------+-------+-----+
|Available        |      432|  360|  141120|  70560|    0|
+-----------------+---------+-----+--------+-------+-----+
|Utilization (%)  |        0|    0|      ~0|     ~0|    0|
+-----------------+---------+-----+--------+-------+-----+

+ Detail: 
    * Instance: 
    +------------------------+--------------------+---------+----+-----+----+-----+
    |        Instance        |       Module       | BRAM_18K| DSP|  FF | LUT| URAM|
    +------------------------+--------------------+---------+----+-----+----+-----+
    |mul_32s_32s_32_5_1_U65  |mul_32s_32s_32_5_1  |        0|   0|  215|   1|    0|
    |mul_32s_32s_32_5_1_U66  |mul_32s_32s_32_5_1  |        0|   0|  215|   1|    0|
    |mul_32s_32s_32_5_1_U67  |mul_32s_32s_32_5_1  |        0|   0|  215|   1|    0|
    +------------------------+--------------------+---------+----+-----+----+-----+
    |Total                   |                    |        0|   0|  645|   3|    0|
    +------------------------+--------------------+---------+----+-----+----+-----+

    * DSP: 
    N/A

    * Memory: 
    N/A

    * FIFO: 
    N/A

    * Expression: 
    +----------------------+----------+----+---+----+------------+------------+
    |     Variable Name    | Operation| DSP| FF| LUT| Bitwidth P0| Bitwidth P1|
    +----------------------+----------+----+---+----+------------+------------+
    |sub_ln160_1_fu_98_p2  |         -|   0|  0|  36|           1|          29|
    |sub_ln160_fu_80_p2    |         -|   0|  0|  39|           1|          32|
    |ap_block_state1       |        or|   0|  0|   2|           1|           1|
    |ap_return             |    select|   0|  0|  28|           1|          29|
    +----------------------+----------+----+---+----+------------+------------+
    |Total                 |          |   0|  0| 105|           4|          91|
    +----------------------+----------+----+---+----+------------+------------+

    * Multiplexer: 
    +-------------+----+-----------+-----+-----------+
    |     Name    | LUT| Input Size| Bits| Total Bits|
    +-------------+----+-----------+-----+-----------+
    |D_blk_n      |   9|          2|    1|          2|
    |IC_blk_n     |   9|          2|    1|          2|
    |ap_NS_fsm    |  65|         14|    1|         14|
    |ap_done      |   9|          2|    1|          2|
    |batch_blk_n  |   9|          2|    1|          2|
    +-------------+----+-----------+-----+-----------+
    |Total        | 101|         22|    5|         22|
    +-------------+----+-----------+-----+-----------+

    * Register: 
    +-----------------------+----+----+-----+-----------+
    |          Name         | FF | LUT| Bits| Const Bits|
    +-----------------------+----+----+-----+-----------+
    |D_read_reg_114         |  32|   0|   32|          0|
    |IC_read_reg_120        |  32|   0|   32|          0|
    |ap_CS_fsm              |  13|   0|   13|          0|
    |ap_done_reg            |   1|   0|    1|          0|
    |batch_read_reg_125     |  32|   0|   32|          0|
    |mul_ln160_1_reg_135    |  32|   0|   32|          0|
    |mul_ln160_2_reg_140    |  32|   0|   32|          0|
    |mul_ln160_reg_130      |  32|   0|   32|          0|
    |tmp_reg_145            |   1|   0|    1|          0|
    |trunc_ln160_1_reg_155  |  28|   0|   28|          0|
    |trunc_ln160_2_reg_150  |  28|   0|   28|          0|
    +-----------------------+----+----+-----+-----------+
    |Total                  | 263|   0|  263|          0|
    +-----------------------+----+----+-----+-----------+



================================================================
== Interface
================================================================
* Summary: 
+---------------+-----+-----+------------+-----------------------+--------------+
|   RTL Ports   | Dir | Bits|  Protocol  |     Source Object     |    C Type    |
+---------------+-----+-----+------------+-----------------------+--------------+
|ap_clk         |   in|    1|  ap_ctrl_hs|  Block_.split7793_proc|  return value|
|ap_rst         |   in|    1|  ap_ctrl_hs|  Block_.split7793_proc|  return value|
|ap_start       |   in|    1|  ap_ctrl_hs|  Block_.split7793_proc|  return value|
|ap_done        |  out|    1|  ap_ctrl_hs|  Block_.split7793_proc|  return value|
|ap_continue    |   in|    1|  ap_ctrl_hs|  Block_.split7793_proc|  return value|
|ap_idle        |  out|    1|  ap_ctrl_hs|  Block_.split7793_proc|  return value|
|ap_ready       |  out|    1|  ap_ctrl_hs|  Block_.split7793_proc|  return value|
|ap_return      |  out|   29|  ap_ctrl_hs|  Block_.split7793_proc|  return value|
|D_dout         |   in|   32|     ap_fifo|                      D|       pointer|
|D_empty_n      |   in|    1|     ap_fifo|                      D|       pointer|
|D_read         |  out|    1|     ap_fifo|                      D|       pointer|
|IC_dout        |   in|   32|     ap_fifo|                     IC|       pointer|
|IC_empty_n     |   in|    1|     ap_fifo|                     IC|       pointer|
|IC_read        |  out|    1|     ap_fifo|                     IC|       pointer|
|batch_dout     |   in|   32|     ap_fifo|                  batch|       pointer|
|batch_empty_n  |   in|    1|     ap_fifo|                  batch|       pointer|
|batch_read     |  out|    1|     ap_fifo|                  batch|       pointer|
+---------------+-----+-----+------------+-----------------------+--------------+

