

================================================================
== Vitis HLS Report for 'dw_deform_M_512_1024_16_24_8_4_1_s'
================================================================
* Date:           Wed Feb 24 15:50:16 2021

* Version:        2020.2 (Build 3064766 on Wed Nov 18 09:12:47 MST 2020)
* Project:        batch
* Solution:       solution1 (Vivado IP Flow Target)
* Product family: zynquplus
* Target device:  xczu3eg-sbva484-1-i


================================================================
== Performance Estimates
================================================================
+ Timing: 
    * Summary: 
    +--------+---------+----------+------------+
    |  Clock |  Target | Estimated| Uncertainty|
    +--------+---------+----------+------------+
    |ap_clk  |  3.00 ns|  2.190 ns|     0.81 ns|
    +--------+---------+----------+------------+

+ Latency: 
    * Summary: 
    +---------+---------+----------+----------+-----+-----+---------+
    |  Latency (cycles) |  Latency (absolute) |  Interval | Pipeline|
    |   min   |   max   |    min   |    max   | min | max |   Type  |
    +---------+---------+----------+----------+-----+-----+---------+
    |        ?|        ?|         ?|         ?|    ?|    ?|     none|
    +---------+---------+----------+----------+-----+-----+---------+

    + Detail: 
        * Instance: 
        N/A

        * Loop: 
        +------------------------------------------------------+---------+---------+----------+-----------+-----------+--------+----------+
        |                                                      |  Latency (cycles) | Iteration|  Initiation Interval  |  Trip  |          |
        |                       Loop Name                      |   min   |   max   |  Latency |  achieved |   target  |  Count | Pipelined|
        +------------------------------------------------------+---------+---------+----------+-----------+-----------+--------+----------+
        |- VITIS_LOOP_210_1_VITIS_LOOP_211_2_VITIS_LOOP_212_3  |        ?|        ?|    3 ~ 76|          -|          -|       ?|        no|
        | + VITIS_LOOP_215_4                                   |        9|       72|        10|          1|          1|  1 ~ 64|       yes|
        +------------------------------------------------------+---------+---------+----------+-----------+-----------+--------+----------+



================================================================
== Utilization Estimates
================================================================
* Summary: 
+-----------------+---------+-----+--------+-------+-----+
|       Name      | BRAM_18K| DSP |   FF   |  LUT  | URAM|
+-----------------+---------+-----+--------+-------+-----+
|DSP              |        -|   97|       -|      -|    -|
|Expression       |        -|    -|       0|   1122|    -|
|FIFO             |        -|    -|       -|      -|    -|
|Instance         |        -|    0|     215|   1921|    -|
|Memory           |        -|    -|       -|      -|    -|
|Multiplexer      |        -|    -|       -|    241|    -|
|Register         |        -|    -|    4816|    512|    -|
+-----------------+---------+-----+--------+-------+-----+
|Total            |        0|   97|    5031|   3796|    0|
+-----------------+---------+-----+--------+-------+-----+
|Available        |      432|  360|  141120|  70560|    0|
+-----------------+---------+-----+--------+-------+-----+
|Utilization (%)  |        0|   26|       3|      5|    0|
+-----------------+---------+-----+--------+-------+-----+

+ Detail: 
    * Instance: 
    +---------------------------+----------------------+---------+----+-----+----+-----+
    |          Instance         |        Module        | BRAM_18K| DSP|  FF | LUT| URAM|
    +---------------------------+----------------------+---------+----+-----+----+-----+
    |mul_32ns_32ns_64_5_1_U713  |mul_32ns_32ns_64_5_1  |        0|   0|  215|   1|    0|
    |mul_8s_4s_12_1_1_U714      |mul_8s_4s_12_1_1      |        0|   0|    0|  40|    0|
    |mul_8s_4s_12_1_1_U715      |mul_8s_4s_12_1_1      |        0|   0|    0|  40|    0|
    |mul_8s_4s_12_1_1_U716      |mul_8s_4s_12_1_1      |        0|   0|    0|  40|    0|
    |mul_8s_4s_12_1_1_U717      |mul_8s_4s_12_1_1      |        0|   0|    0|  40|    0|
    |mul_8s_4s_12_1_1_U718      |mul_8s_4s_12_1_1      |        0|   0|    0|  40|    0|
    |mul_8s_4s_12_1_1_U719      |mul_8s_4s_12_1_1      |        0|   0|    0|  40|    0|
    |mul_8s_4s_12_1_1_U720      |mul_8s_4s_12_1_1      |        0|   0|    0|  40|    0|
    |mul_8s_4s_12_1_1_U721      |mul_8s_4s_12_1_1      |        0|   0|    0|  40|    0|
    |mul_8s_4s_12_1_1_U722      |mul_8s_4s_12_1_1      |        0|   0|    0|  40|    0|
    |mul_8s_4s_12_1_1_U723      |mul_8s_4s_12_1_1      |        0|   0|    0|  40|    0|
    |mul_8s_4s_12_1_1_U724      |mul_8s_4s_12_1_1      |        0|   0|    0|  40|    0|
    |mul_8s_4s_12_1_1_U725      |mul_8s_4s_12_1_1      |        0|   0|    0|  40|    0|
    |mul_8s_4s_12_1_1_U726      |mul_8s_4s_12_1_1      |        0|   0|    0|  40|    0|
    |mul_8s_4s_12_1_1_U727      |mul_8s_4s_12_1_1      |        0|   0|    0|  40|    0|
    |mul_8s_4s_12_1_1_U728      |mul_8s_4s_12_1_1      |        0|   0|    0|  40|    0|
    |mul_8s_4s_12_1_1_U729      |mul_8s_4s_12_1_1      |        0|   0|    0|  40|    0|
    |mul_8s_4s_12_1_1_U730      |mul_8s_4s_12_1_1      |        0|   0|    0|  40|    0|
    |mul_8s_4s_12_1_1_U731      |mul_8s_4s_12_1_1      |        0|   0|    0|  40|    0|
    |mul_8s_4s_12_1_1_U732      |mul_8s_4s_12_1_1      |        0|   0|    0|  40|    0|
    |mul_8s_4s_12_1_1_U733      |mul_8s_4s_12_1_1      |        0|   0|    0|  40|    0|
    |mul_8s_4s_12_1_1_U734      |mul_8s_4s_12_1_1      |        0|   0|    0|  40|    0|
    |mul_8s_4s_12_1_1_U735      |mul_8s_4s_12_1_1      |        0|   0|    0|  40|    0|
    |mul_8s_4s_12_1_1_U736      |mul_8s_4s_12_1_1      |        0|   0|    0|  40|    0|
    |mul_8s_4s_12_1_1_U737      |mul_8s_4s_12_1_1      |        0|   0|    0|  40|    0|
    |mul_8s_4s_12_1_1_U738      |mul_8s_4s_12_1_1      |        0|   0|    0|  40|    0|
    |mul_8s_4s_12_1_1_U739      |mul_8s_4s_12_1_1      |        0|   0|    0|  40|    0|
    |mul_8s_4s_12_1_1_U740      |mul_8s_4s_12_1_1      |        0|   0|    0|  40|    0|
    |mul_8s_4s_12_1_1_U741      |mul_8s_4s_12_1_1      |        0|   0|    0|  40|    0|
    |mul_8s_4s_12_1_1_U742      |mul_8s_4s_12_1_1      |        0|   0|    0|  40|    0|
    |mul_8s_4s_12_1_1_U743      |mul_8s_4s_12_1_1      |        0|   0|    0|  40|    0|
    |mul_8s_4s_12_1_1_U744      |mul_8s_4s_12_1_1      |        0|   0|    0|  40|    0|
    |mul_8s_4s_12_1_1_U745      |mul_8s_4s_12_1_1      |        0|   0|    0|  40|    0|
    |mul_8s_4s_12_1_1_U746      |mul_8s_4s_12_1_1      |        0|   0|    0|  40|    0|
    |mul_8s_4s_12_1_1_U747      |mul_8s_4s_12_1_1      |        0|   0|    0|  40|    0|
    |mul_8s_4s_12_1_1_U748      |mul_8s_4s_12_1_1      |        0|   0|    0|  40|    0|
    |mul_8s_4s_12_1_1_U749      |mul_8s_4s_12_1_1      |        0|   0|    0|  40|    0|
    |mul_8s_4s_12_1_1_U750      |mul_8s_4s_12_1_1      |        0|   0|    0|  40|    0|
    |mul_8s_4s_12_1_1_U751      |mul_8s_4s_12_1_1      |        0|   0|    0|  40|    0|
    |mul_8s_4s_12_1_1_U752      |mul_8s_4s_12_1_1      |        0|   0|    0|  40|    0|
    |mul_8s_4s_12_1_1_U753      |mul_8s_4s_12_1_1      |        0|   0|    0|  40|    0|
    |mul_8s_4s_12_1_1_U754      |mul_8s_4s_12_1_1      |        0|   0|    0|  40|    0|
    |mul_8s_4s_12_1_1_U755      |mul_8s_4s_12_1_1      |        0|   0|    0|  40|    0|
    |mul_8s_4s_12_1_1_U756      |mul_8s_4s_12_1_1      |        0|   0|    0|  40|    0|
    |mul_8s_4s_12_1_1_U757      |mul_8s_4s_12_1_1      |        0|   0|    0|  40|    0|
    |mul_8s_4s_12_1_1_U758      |mul_8s_4s_12_1_1      |        0|   0|    0|  40|    0|
    |mul_8s_4s_12_1_1_U759      |mul_8s_4s_12_1_1      |        0|   0|    0|  40|    0|
    |mul_8s_4s_12_1_1_U760      |mul_8s_4s_12_1_1      |        0|   0|    0|  40|    0|
    |mul_8s_4s_12_1_1_U761      |mul_8s_4s_12_1_1      |        0|   0|    0|  40|    0|
    +---------------------------+----------------------+---------+----+-----+----+-----+
    |Total                      |                      |        0|   0|  215|1921|    0|
    +---------------------------+----------------------+---------+----+-----+----+-----+

    * DSP: 
    +----------------------------------+-----------------------------+--------------+
    |             Instance             |            Module           |  Expression  |
    +----------------------------------+-----------------------------+--------------+
    |mac_muladd_8s_4s_12s_13_4_1_U763  |mac_muladd_8s_4s_12s_13_4_1  |  i0 + i1 * i2|
    |mac_muladd_8s_4s_12s_13_4_1_U764  |mac_muladd_8s_4s_12s_13_4_1  |  i0 + i1 * i2|
    |mac_muladd_8s_4s_12s_13_4_1_U765  |mac_muladd_8s_4s_12s_13_4_1  |  i0 + i1 * i2|
    |mac_muladd_8s_4s_12s_13_4_1_U766  |mac_muladd_8s_4s_12s_13_4_1  |  i0 + i1 * i2|
    |mac_muladd_8s_4s_12s_13_4_1_U767  |mac_muladd_8s_4s_12s_13_4_1  |  i0 + i1 * i2|
    |mac_muladd_8s_4s_12s_13_4_1_U768  |mac_muladd_8s_4s_12s_13_4_1  |  i0 + i1 * i2|
    |mac_muladd_8s_4s_12s_13_4_1_U769  |mac_muladd_8s_4s_12s_13_4_1  |  i0 + i1 * i2|
    |mac_muladd_8s_4s_12s_13_4_1_U770  |mac_muladd_8s_4s_12s_13_4_1  |  i0 + i1 * i2|
    |mac_muladd_8s_4s_12s_13_4_1_U771  |mac_muladd_8s_4s_12s_13_4_1  |  i0 + i1 * i2|
    |mac_muladd_8s_4s_12s_13_4_1_U772  |mac_muladd_8s_4s_12s_13_4_1  |  i0 + i1 * i2|
    |mac_muladd_8s_4s_12s_13_4_1_U773  |mac_muladd_8s_4s_12s_13_4_1  |  i0 + i1 * i2|
    |mac_muladd_8s_4s_12s_13_4_1_U774  |mac_muladd_8s_4s_12s_13_4_1  |  i0 + i1 * i2|
    |mac_muladd_8s_4s_12s_13_4_1_U775  |mac_muladd_8s_4s_12s_13_4_1  |  i0 + i1 * i2|
    |mac_muladd_8s_4s_12s_13_4_1_U776  |mac_muladd_8s_4s_12s_13_4_1  |  i0 + i1 * i2|
    |mac_muladd_8s_4s_12s_13_4_1_U777  |mac_muladd_8s_4s_12s_13_4_1  |  i0 + i1 * i2|
    |mac_muladd_8s_4s_12s_13_4_1_U778  |mac_muladd_8s_4s_12s_13_4_1  |  i0 + i1 * i2|
    |mac_muladd_8s_4s_12s_13_4_1_U779  |mac_muladd_8s_4s_12s_13_4_1  |  i0 + i1 * i2|
    |mac_muladd_8s_4s_12s_13_4_1_U780  |mac_muladd_8s_4s_12s_13_4_1  |  i0 + i1 * i2|
    |mac_muladd_8s_4s_12s_13_4_1_U781  |mac_muladd_8s_4s_12s_13_4_1  |  i0 + i1 * i2|
    |mac_muladd_8s_4s_12s_13_4_1_U782  |mac_muladd_8s_4s_12s_13_4_1  |  i0 + i1 * i2|
    |mac_muladd_8s_4s_12s_13_4_1_U783  |mac_muladd_8s_4s_12s_13_4_1  |  i0 + i1 * i2|
    |mac_muladd_8s_4s_12s_13_4_1_U784  |mac_muladd_8s_4s_12s_13_4_1  |  i0 + i1 * i2|
    |mac_muladd_8s_4s_12s_13_4_1_U785  |mac_muladd_8s_4s_12s_13_4_1  |  i0 + i1 * i2|
    |mac_muladd_8s_4s_12s_13_4_1_U786  |mac_muladd_8s_4s_12s_13_4_1  |  i0 + i1 * i2|
    |mac_muladd_8s_4s_12s_13_4_1_U787  |mac_muladd_8s_4s_12s_13_4_1  |  i0 + i1 * i2|
    |mac_muladd_8s_4s_12s_13_4_1_U788  |mac_muladd_8s_4s_12s_13_4_1  |  i0 + i1 * i2|
    |mac_muladd_8s_4s_12s_13_4_1_U789  |mac_muladd_8s_4s_12s_13_4_1  |  i0 + i1 * i2|
    |mac_muladd_8s_4s_12s_13_4_1_U790  |mac_muladd_8s_4s_12s_13_4_1  |  i0 + i1 * i2|
    |mac_muladd_8s_4s_12s_13_4_1_U791  |mac_muladd_8s_4s_12s_13_4_1  |  i0 + i1 * i2|
    |mac_muladd_8s_4s_12s_13_4_1_U792  |mac_muladd_8s_4s_12s_13_4_1  |  i0 + i1 * i2|
    |mac_muladd_8s_4s_12s_13_4_1_U793  |mac_muladd_8s_4s_12s_13_4_1  |  i0 + i1 * i2|
    |mac_muladd_8s_4s_12s_13_4_1_U794  |mac_muladd_8s_4s_12s_13_4_1  |  i0 + i1 * i2|
    |mac_muladd_8s_4s_12s_13_4_1_U795  |mac_muladd_8s_4s_12s_13_4_1  |  i0 + i1 * i2|
    |mac_muladd_8s_4s_12s_13_4_1_U796  |mac_muladd_8s_4s_12s_13_4_1  |  i0 + i1 * i2|
    |mac_muladd_8s_4s_12s_13_4_1_U797  |mac_muladd_8s_4s_12s_13_4_1  |  i0 + i1 * i2|
    |mac_muladd_8s_4s_12s_13_4_1_U798  |mac_muladd_8s_4s_12s_13_4_1  |  i0 + i1 * i2|
    |mac_muladd_8s_4s_12s_13_4_1_U799  |mac_muladd_8s_4s_12s_13_4_1  |  i0 + i1 * i2|
    |mac_muladd_8s_4s_12s_13_4_1_U800  |mac_muladd_8s_4s_12s_13_4_1  |  i0 + i1 * i2|
    |mac_muladd_8s_4s_12s_13_4_1_U801  |mac_muladd_8s_4s_12s_13_4_1  |  i0 + i1 * i2|
    |mac_muladd_8s_4s_12s_13_4_1_U802  |mac_muladd_8s_4s_12s_13_4_1  |  i0 + i1 * i2|
    |mac_muladd_8s_4s_12s_13_4_1_U803  |mac_muladd_8s_4s_12s_13_4_1  |  i0 + i1 * i2|
    |mac_muladd_8s_4s_12s_13_4_1_U804  |mac_muladd_8s_4s_12s_13_4_1  |  i0 + i1 * i2|
    |mac_muladd_8s_4s_12s_13_4_1_U805  |mac_muladd_8s_4s_12s_13_4_1  |  i0 + i1 * i2|
    |mac_muladd_8s_4s_12s_13_4_1_U806  |mac_muladd_8s_4s_12s_13_4_1  |  i0 + i1 * i2|
    |mac_muladd_8s_4s_12s_13_4_1_U807  |mac_muladd_8s_4s_12s_13_4_1  |  i0 + i1 * i2|
    |mac_muladd_8s_4s_12s_13_4_1_U808  |mac_muladd_8s_4s_12s_13_4_1  |  i0 + i1 * i2|
    |mac_muladd_8s_4s_12s_13_4_1_U809  |mac_muladd_8s_4s_12s_13_4_1  |  i0 + i1 * i2|
    |mac_muladd_8s_4s_12s_13_4_1_U810  |mac_muladd_8s_4s_12s_13_4_1  |  i0 + i1 * i2|
    |mac_muladd_8s_4s_13s_13_4_1_U811  |mac_muladd_8s_4s_13s_13_4_1  |  i0 + i1 * i2|
    |mac_muladd_8s_4s_13s_13_4_1_U812  |mac_muladd_8s_4s_13s_13_4_1  |  i0 + i1 * i2|
    |mac_muladd_8s_4s_13s_13_4_1_U813  |mac_muladd_8s_4s_13s_13_4_1  |  i0 + i1 * i2|
    |mac_muladd_8s_4s_13s_13_4_1_U814  |mac_muladd_8s_4s_13s_13_4_1  |  i0 + i1 * i2|
    |mac_muladd_8s_4s_13s_13_4_1_U815  |mac_muladd_8s_4s_13s_13_4_1  |  i0 + i1 * i2|
    |mac_muladd_8s_4s_13s_13_4_1_U816  |mac_muladd_8s_4s_13s_13_4_1  |  i0 + i1 * i2|
    |mac_muladd_8s_4s_13s_13_4_1_U817  |mac_muladd_8s_4s_13s_13_4_1  |  i0 + i1 * i2|
    |mac_muladd_8s_4s_13s_13_4_1_U818  |mac_muladd_8s_4s_13s_13_4_1  |  i0 + i1 * i2|
    |mac_muladd_8s_4s_13s_13_4_1_U819  |mac_muladd_8s_4s_13s_13_4_1  |  i0 + i1 * i2|
    |mac_muladd_8s_4s_13s_13_4_1_U820  |mac_muladd_8s_4s_13s_13_4_1  |  i0 + i1 * i2|
    |mac_muladd_8s_4s_13s_13_4_1_U821  |mac_muladd_8s_4s_13s_13_4_1  |  i0 + i1 * i2|
    |mac_muladd_8s_4s_13s_13_4_1_U822  |mac_muladd_8s_4s_13s_13_4_1  |  i0 + i1 * i2|
    |mac_muladd_8s_4s_13s_13_4_1_U823  |mac_muladd_8s_4s_13s_13_4_1  |  i0 + i1 * i2|
    |mac_muladd_8s_4s_13s_13_4_1_U824  |mac_muladd_8s_4s_13s_13_4_1  |  i0 + i1 * i2|
    |mac_muladd_8s_4s_13s_13_4_1_U825  |mac_muladd_8s_4s_13s_13_4_1  |  i0 + i1 * i2|
    |mac_muladd_8s_4s_13s_13_4_1_U826  |mac_muladd_8s_4s_13s_13_4_1  |  i0 + i1 * i2|
    |mac_muladd_8s_4s_13s_13_4_1_U827  |mac_muladd_8s_4s_13s_13_4_1  |  i0 + i1 * i2|
    |mac_muladd_8s_4s_13s_13_4_1_U828  |mac_muladd_8s_4s_13s_13_4_1  |  i0 + i1 * i2|
    |mac_muladd_8s_4s_13s_13_4_1_U829  |mac_muladd_8s_4s_13s_13_4_1  |  i0 + i1 * i2|
    |mac_muladd_8s_4s_13s_13_4_1_U830  |mac_muladd_8s_4s_13s_13_4_1  |  i0 + i1 * i2|
    |mac_muladd_8s_4s_13s_13_4_1_U831  |mac_muladd_8s_4s_13s_13_4_1  |  i0 + i1 * i2|
    |mac_muladd_8s_4s_13s_13_4_1_U832  |mac_muladd_8s_4s_13s_13_4_1  |  i0 + i1 * i2|
    |mac_muladd_8s_4s_13s_13_4_1_U833  |mac_muladd_8s_4s_13s_13_4_1  |  i0 + i1 * i2|
    |mac_muladd_8s_4s_13s_13_4_1_U834  |mac_muladd_8s_4s_13s_13_4_1  |  i0 + i1 * i2|
    |mac_muladd_8s_4s_13s_13_4_1_U835  |mac_muladd_8s_4s_13s_13_4_1  |  i0 + i1 * i2|
    |mac_muladd_8s_4s_13s_13_4_1_U836  |mac_muladd_8s_4s_13s_13_4_1  |  i0 + i1 * i2|
    |mac_muladd_8s_4s_13s_13_4_1_U837  |mac_muladd_8s_4s_13s_13_4_1  |  i0 + i1 * i2|
    |mac_muladd_8s_4s_13s_13_4_1_U838  |mac_muladd_8s_4s_13s_13_4_1  |  i0 + i1 * i2|
    |mac_muladd_8s_4s_13s_13_4_1_U839  |mac_muladd_8s_4s_13s_13_4_1  |  i0 + i1 * i2|
    |mac_muladd_8s_4s_13s_13_4_1_U840  |mac_muladd_8s_4s_13s_13_4_1  |  i0 + i1 * i2|
    |mac_muladd_8s_4s_13s_13_4_1_U841  |mac_muladd_8s_4s_13s_13_4_1  |  i0 + i1 * i2|
    |mac_muladd_8s_4s_13s_13_4_1_U842  |mac_muladd_8s_4s_13s_13_4_1  |  i0 + i1 * i2|
    |mac_muladd_8s_4s_13s_14_4_1_U843  |mac_muladd_8s_4s_13s_14_4_1  |  i0 + i1 * i2|
    |mac_muladd_8s_4s_13s_14_4_1_U844  |mac_muladd_8s_4s_13s_14_4_1  |  i0 + i1 * i2|
    |mac_muladd_8s_4s_13s_14_4_1_U845  |mac_muladd_8s_4s_13s_14_4_1  |  i0 + i1 * i2|
    |mac_muladd_8s_4s_13s_14_4_1_U846  |mac_muladd_8s_4s_13s_14_4_1  |  i0 + i1 * i2|
    |mac_muladd_8s_4s_13s_14_4_1_U847  |mac_muladd_8s_4s_13s_14_4_1  |  i0 + i1 * i2|
    |mac_muladd_8s_4s_13s_14_4_1_U848  |mac_muladd_8s_4s_13s_14_4_1  |  i0 + i1 * i2|
    |mac_muladd_8s_4s_13s_14_4_1_U849  |mac_muladd_8s_4s_13s_14_4_1  |  i0 + i1 * i2|
    |mac_muladd_8s_4s_13s_14_4_1_U850  |mac_muladd_8s_4s_13s_14_4_1  |  i0 + i1 * i2|
    |mac_muladd_8s_4s_13s_14_4_1_U851  |mac_muladd_8s_4s_13s_14_4_1  |  i0 + i1 * i2|
    |mac_muladd_8s_4s_13s_14_4_1_U852  |mac_muladd_8s_4s_13s_14_4_1  |  i0 + i1 * i2|
    |mac_muladd_8s_4s_13s_14_4_1_U853  |mac_muladd_8s_4s_13s_14_4_1  |  i0 + i1 * i2|
    |mac_muladd_8s_4s_13s_14_4_1_U854  |mac_muladd_8s_4s_13s_14_4_1  |  i0 + i1 * i2|
    |mac_muladd_8s_4s_13s_14_4_1_U855  |mac_muladd_8s_4s_13s_14_4_1  |  i0 + i1 * i2|
    |mac_muladd_8s_4s_13s_14_4_1_U856  |mac_muladd_8s_4s_13s_14_4_1  |  i0 + i1 * i2|
    |mac_muladd_8s_4s_13s_14_4_1_U857  |mac_muladd_8s_4s_13s_14_4_1  |  i0 + i1 * i2|
    |mac_muladd_8s_4s_13s_14_4_1_U858  |mac_muladd_8s_4s_13s_14_4_1  |  i0 + i1 * i2|
    |mul_mul_16ns_16ns_32_4_1_U762     |mul_mul_16ns_16ns_32_4_1     |       i0 * i0|
    +----------------------------------+-----------------------------+--------------+

    * Memory: 
    N/A

    * FIFO: 
    N/A

    * Expression: 
    +-----------------------------------+----------+----+---+----+------------+------------+
    |           Variable Name           | Operation| DSP| FF| LUT| Bitwidth P0| Bitwidth P1|
    +-----------------------------------+----------+----+---+----+------------+------------+
    |add_ln210_fu_1074_p2               |         +|   0|  0|  71|          64|           1|
    |add_ln211_fu_6119_p2               |         +|   0|  0|  39|          32|           1|
    |add_ln691_101_fu_5628_p2           |         +|   0|  0|  21|          14|          14|
    |add_ln691_109_fu_5636_p2           |         +|   0|  0|  21|          14|          14|
    |add_ln691_117_fu_5644_p2           |         +|   0|  0|  21|          14|          14|
    |add_ln691_125_fu_5652_p2           |         +|   0|  0|  21|          14|          14|
    |add_ln691_133_fu_5660_p2           |         +|   0|  0|  21|          14|          14|
    |add_ln691_141_fu_5668_p2           |         +|   0|  0|  21|          14|          14|
    |add_ln691_149_fu_5676_p2           |         +|   0|  0|  21|          14|          14|
    |add_ln691_157_fu_5684_p2           |         +|   0|  0|  21|          14|          14|
    |add_ln691_165_fu_5692_p2           |         +|   0|  0|  21|          14|          14|
    |add_ln691_173_fu_5700_p2           |         +|   0|  0|  21|          14|          14|
    |add_ln691_181_fu_5708_p2           |         +|   0|  0|  21|          14|          14|
    |add_ln691_189_fu_5716_p2           |         +|   0|  0|  21|          14|          14|
    |add_ln691_64_fu_1181_p2            |         +|   0|  0|  14|           7|           1|
    |add_ln691_69_fu_5596_p2            |         +|   0|  0|  21|          14|          14|
    |add_ln691_77_fu_5604_p2            |         +|   0|  0|  21|          14|          14|
    |add_ln691_85_fu_5612_p2            |         +|   0|  0|  21|          14|          14|
    |add_ln691_93_fu_5620_p2            |         +|   0|  0|  21|          14|          14|
    |col_V_1_fu_6114_p2                 |         +|   0|  0|  23|          16|           1|
    |partial_sum_V_11_fu_5787_p2        |         +|   0|  0|  22|          15|          15|
    |partial_sum_V_13_fu_5799_p2        |         +|   0|  0|  22|          15|          15|
    |partial_sum_V_15_fu_5811_p2        |         +|   0|  0|  22|          15|          15|
    |partial_sum_V_17_fu_5823_p2        |         +|   0|  0|  22|          15|          15|
    |partial_sum_V_19_fu_5835_p2        |         +|   0|  0|  22|          15|          15|
    |partial_sum_V_1_fu_5727_p2         |         +|   0|  0|  22|          15|          15|
    |partial_sum_V_21_fu_5847_p2        |         +|   0|  0|  22|          15|          15|
    |partial_sum_V_23_fu_5859_p2        |         +|   0|  0|  22|          15|          15|
    |partial_sum_V_25_fu_5871_p2        |         +|   0|  0|  22|          15|          15|
    |partial_sum_V_27_fu_5883_p2        |         +|   0|  0|  22|          15|          15|
    |partial_sum_V_29_fu_5895_p2        |         +|   0|  0|  22|          15|          15|
    |partial_sum_V_31_fu_5907_p2        |         +|   0|  0|  22|          15|          15|
    |partial_sum_V_3_fu_5739_p2         |         +|   0|  0|  22|          15|          15|
    |partial_sum_V_5_fu_5751_p2         |         +|   0|  0|  22|          15|          15|
    |partial_sum_V_7_fu_5763_p2         |         +|   0|  0|  22|          15|          15|
    |partial_sum_V_9_fu_5775_p2         |         +|   0|  0|  22|          15|          15|
    |row_V_2_fu_1124_p2                 |         +|   0|  0|  23|          16|           1|
    |and_ln210_fu_1118_p2               |       and|   0|  0|   2|           1|           1|
    |and_ln214_fu_1170_p2               |       and|   0|  0|   2|           1|           1|
    |ap_block_state13_pp0_stage0_iter1  |       and|   0|  0|   2|           1|           1|
    |ap_block_state21_pp0_stage0_iter9  |       and|   0|  0|   2|           1|           1|
    |icmp_ln210_fu_1080_p2              |      icmp|   0|  0|  29|          64|          64|
    |icmp_ln211_1_fu_1085_p2            |      icmp|   0|  0|  20|          32|          32|
    |icmp_ln211_fu_1069_p2              |      icmp|   0|  0|  13|          16|           1|
    |icmp_ln212_fu_1090_p2              |      icmp|   0|  0|  13|          16|          16|
    |icmp_ln878_fu_1175_p2              |      icmp|   0|  0|  11|           7|           8|
    |icmp_ln882_fu_1191_p2              |      icmp|   0|  0|  12|          12|          12|
    |ap_block_pp0_stage0_01001          |        or|   0|  0|   2|           1|           1|
    |ap_block_state1                    |        or|   0|  0|   2|           1|           1|
    |ap_block_state14_pp0_stage0_iter2  |        or|   0|  0|   2|           1|           1|
    |ap_predicate_tran12to22_state12    |        or|   0|  0|   2|           1|           1|
    |empty_185_fu_1130_p2               |        or|   0|  0|   2|           1|           1|
    |or_ln174_fu_5944_p2                |        or|   0|  0|  56|          56|          56|
    |or_ln214_fu_1164_p2                |        or|   0|  0|   2|           1|           1|
    |col_V_mid2_fu_1134_p3              |    select|   0|  0|  16|           1|           1|
    |conv_i474295_i_i_mid2_fu_1146_p3   |    select|   0|  0|   2|           1|           1|
    |select_ln210_1_fu_1095_p3          |    select|   0|  0|   2|           1|           1|
    |select_ln210_fu_1102_p3            |    select|   0|  0|  16|           1|           1|
    |select_ln211_1_fu_6125_p3          |    select|   0|  0|  32|           1|           1|
    |select_ln211_fu_1153_p3            |    select|   0|  0|  16|           1|          16|
    |ap_enable_pp0                      |       xor|   0|  0|   2|           1|           2|
    |ap_enable_reg_pp0_iter1            |       xor|   0|  0|   2|           2|           1|
    |xor_ln210_fu_1109_p2               |       xor|   0|  0|   2|           1|           2|
    +-----------------------------------+----------+----+---+----+------------+------------+
    |Total                              |          |   0|  0|1122|         822|         694|
    +-----------------------------------+----------+----+---+----+------------+------------+

    * Multiplexer: 
    +--------------------------+----+-----------+-----+-----------+
    |           Name           | LUT| Input Size| Bits| Total Bits|
    +--------------------------+----+-----------+-----+-----------+
    |D_V_loc_blk_n             |   9|          2|    1|          2|
    |OC_V_loc_blk_n            |   9|          2|    1|          2|
    |OC_V_loc_out_blk_n        |   9|          2|    1|          2|
    |STRIDE_2_blk_n            |   9|          2|    1|          2|
    |ap_NS_fsm                 |  65|         14|    1|         14|
    |ap_done                   |   9|          2|    1|          2|
    |ap_enable_reg_pp0_iter1   |   9|          2|    1|          2|
    |ap_enable_reg_pp0_iter9   |   9|          2|    1|          2|
    |batch_blk_n               |   9|          2|    1|          2|
    |col_V_reg_870             |   9|          2|   16|         32|
    |cpa_V_reg_882             |   9|          2|    7|         14|
    |in_layer_blk_n            |   9|          2|    1|          2|
    |indvar_flatten31_reg_835  |   9|          2|   64|        128|
    |indvar_flatten_reg_846    |   9|          2|   32|         64|
    |k3s_blk_n                 |   9|          2|    1|          2|
    |row_V_reg_858             |   9|          2|   16|         32|
    |s_conv3_blk_n             |   9|          2|    1|          2|
    |s_conv3_din               |  14|          3|  512|       1536|
    |skip3_blk_n               |   9|          2|    1|          2|
    |skip3_out_blk_n           |   9|          2|    1|          2|
    +--------------------------+----+-----------+-----+-----------+
    |Total                     | 241|         53|  661|       1846|
    +--------------------------+----+-----------+-----+-----------+

    * Register: 
    +----------------------------------+----+----+-----+-----------+
    |               Name               | FF | LUT| Bits| Const Bits|
    +----------------------------------+----+----+-----+-----------+
    |D_V_loc_read_reg_7006             |  16|   0|   16|          0|
    |STRIDE_2_1_reg_6997               |   1|   0|    1|          0|
    |add_ln210_reg_7049                |  64|   0|   64|          0|
    |add_ln691_100_reg_9784            |  13|   0|   13|          0|
    |add_ln691_101_reg_9919            |  14|   0|   14|          0|
    |add_ln691_102_reg_9569            |  13|   0|   13|          0|
    |add_ln691_108_reg_9794            |  13|   0|   13|          0|
    |add_ln691_109_reg_9924            |  14|   0|   14|          0|
    |add_ln691_110_reg_9584            |  13|   0|   13|          0|
    |add_ln691_116_reg_9804            |  13|   0|   13|          0|
    |add_ln691_117_reg_9929            |  14|   0|   14|          0|
    |add_ln691_118_reg_9599            |  13|   0|   13|          0|
    |add_ln691_124_reg_9814            |  13|   0|   13|          0|
    |add_ln691_125_reg_9934            |  14|   0|   14|          0|
    |add_ln691_126_reg_9614            |  13|   0|   13|          0|
    |add_ln691_132_reg_9824            |  13|   0|   13|          0|
    |add_ln691_133_reg_9939            |  14|   0|   14|          0|
    |add_ln691_134_reg_9629            |  13|   0|   13|          0|
    |add_ln691_140_reg_9834            |  13|   0|   13|          0|
    |add_ln691_141_reg_9944            |  14|   0|   14|          0|
    |add_ln691_142_reg_9644            |  13|   0|   13|          0|
    |add_ln691_148_reg_9844            |  13|   0|   13|          0|
    |add_ln691_149_reg_9949            |  14|   0|   14|          0|
    |add_ln691_150_reg_9659            |  13|   0|   13|          0|
    |add_ln691_156_reg_9854            |  13|   0|   13|          0|
    |add_ln691_157_reg_9954            |  14|   0|   14|          0|
    |add_ln691_158_reg_9674            |  13|   0|   13|          0|
    |add_ln691_164_reg_9864            |  13|   0|   13|          0|
    |add_ln691_165_reg_9959            |  14|   0|   14|          0|
    |add_ln691_166_reg_9689            |  13|   0|   13|          0|
    |add_ln691_172_reg_9874            |  13|   0|   13|          0|
    |add_ln691_173_reg_9964            |  14|   0|   14|          0|
    |add_ln691_174_reg_9704            |  13|   0|   13|          0|
    |add_ln691_180_reg_9884            |  13|   0|   13|          0|
    |add_ln691_181_reg_9969            |  14|   0|   14|          0|
    |add_ln691_182_reg_9719            |  13|   0|   13|          0|
    |add_ln691_188_reg_9894            |  13|   0|   13|          0|
    |add_ln691_189_reg_9974            |  14|   0|   14|          0|
    |add_ln691_190_reg_9734            |  13|   0|   13|          0|
    |add_ln691_68_reg_9744             |  13|   0|   13|          0|
    |add_ln691_69_reg_9899             |  14|   0|   14|          0|
    |add_ln691_70_reg_9509             |  13|   0|   13|          0|
    |add_ln691_76_reg_9754             |  13|   0|   13|          0|
    |add_ln691_77_reg_9904             |  14|   0|   14|          0|
    |add_ln691_78_reg_9524             |  13|   0|   13|          0|
    |add_ln691_84_reg_9764             |  13|   0|   13|          0|
    |add_ln691_85_reg_9909             |  14|   0|   14|          0|
    |add_ln691_86_reg_9539             |  13|   0|   13|          0|
    |add_ln691_92_reg_9774             |  13|   0|   13|          0|
    |add_ln691_93_reg_9914             |  14|   0|   14|          0|
    |add_ln691_94_reg_9554             |  13|   0|   13|          0|
    |ap_CS_fsm                         |  13|   0|   13|          0|
    |ap_done_reg                       |   1|   0|    1|          0|
    |ap_enable_reg_pp0_iter0           |   1|   0|    1|          0|
    |ap_enable_reg_pp0_iter1           |   1|   0|    1|          0|
    |ap_enable_reg_pp0_iter2           |   1|   0|    1|          0|
    |ap_enable_reg_pp0_iter3           |   1|   0|    1|          0|
    |ap_enable_reg_pp0_iter4           |   1|   0|    1|          0|
    |ap_enable_reg_pp0_iter5           |   1|   0|    1|          0|
    |ap_enable_reg_pp0_iter6           |   1|   0|    1|          0|
    |ap_enable_reg_pp0_iter7           |   1|   0|    1|          0|
    |ap_enable_reg_pp0_iter8           |   1|   0|    1|          0|
    |ap_enable_reg_pp0_iter9           |   1|   0|    1|          0|
    |batch_1_reg_6992                  |  32|   0|   32|          0|
    |bound4_reg_7039                   |  64|   0|   64|          0|
    |bound_reg_7023                    |  32|   0|   32|          0|
    |col_V_mid2_reg_7072               |  16|   0|   16|          0|
    |col_V_reg_870                     |  16|   0|   16|          0|
    |cpa_V_reg_882                     |   7|   0|    7|          0|
    |icmp_ln211_1_reg_7057             |   1|   0|    1|          0|
    |icmp_ln211_reg_7044               |   1|   0|    1|          0|
    |indvar_flatten31_reg_835          |  64|   0|   64|          0|
    |indvar_flatten_reg_846            |  32|   0|   32|          0|
    |lhs_V_100_reg_8099                |   8|   0|    8|          0|
    |lhs_V_102_reg_8119                |   8|   0|    8|          0|
    |lhs_V_102_reg_8119_pp0_iter3_reg  |   8|   0|    8|          0|
    |lhs_V_103_reg_8129                |   8|   0|    8|          0|
    |lhs_V_104_reg_8139                |   8|   0|    8|          0|
    |lhs_V_106_reg_8159                |   8|   0|    8|          0|
    |lhs_V_108_reg_8179                |   8|   0|    8|          0|
    |lhs_V_109_reg_8189                |   8|   0|    8|          0|
    |lhs_V_10_reg_7199                 |   8|   0|    8|          0|
    |lhs_V_111_reg_8209                |   8|   0|    8|          0|
    |lhs_V_111_reg_8209_pp0_iter3_reg  |   8|   0|    8|          0|
    |lhs_V_112_reg_8219                |   8|   0|    8|          0|
    |lhs_V_113_reg_8229                |   8|   0|    8|          0|
    |lhs_V_115_reg_8249                |   8|   0|    8|          0|
    |lhs_V_117_reg_8269                |   8|   0|    8|          0|
    |lhs_V_118_reg_8279                |   8|   0|    8|          0|
    |lhs_V_120_reg_8299                |   8|   0|    8|          0|
    |lhs_V_120_reg_8299_pp0_iter3_reg  |   8|   0|    8|          0|
    |lhs_V_121_reg_8309                |   8|   0|    8|          0|
    |lhs_V_122_reg_8319                |   8|   0|    8|          0|
    |lhs_V_124_reg_8339                |   8|   0|    8|          0|
    |lhs_V_126_reg_8359                |   8|   0|    8|          0|
    |lhs_V_127_reg_8369                |   8|   0|    8|          0|
    |lhs_V_129_reg_8389                |   8|   0|    8|          0|
    |lhs_V_129_reg_8389_pp0_iter3_reg  |   8|   0|    8|          0|
    |lhs_V_12_reg_7219                 |   8|   0|    8|          0|
    |lhs_V_12_reg_7219_pp0_iter3_reg   |   8|   0|    8|          0|
    |lhs_V_130_reg_8399                |   8|   0|    8|          0|
    |lhs_V_131_reg_8409                |   8|   0|    8|          0|
    |lhs_V_133_reg_8429                |   8|   0|    8|          0|
    |lhs_V_135_reg_8449                |   8|   0|    8|          0|
    |lhs_V_136_reg_8459                |   8|   0|    8|          0|
    |lhs_V_138_reg_8479                |   8|   0|    8|          0|
    |lhs_V_138_reg_8479_pp0_iter3_reg  |   8|   0|    8|          0|
    |lhs_V_139_reg_8489                |   8|   0|    8|          0|
    |lhs_V_13_reg_7229                 |   8|   0|    8|          0|
    |lhs_V_140_reg_8499                |   8|   0|    8|          0|
    |lhs_V_142_reg_8519                |   8|   0|    8|          0|
    |lhs_V_14_reg_7239                 |   8|   0|    8|          0|
    |lhs_V_16_reg_7259                 |   8|   0|    8|          0|
    |lhs_V_18_reg_7279                 |   8|   0|    8|          0|
    |lhs_V_19_reg_7289                 |   8|   0|    8|          0|
    |lhs_V_1_reg_7109                  |   8|   0|    8|          0|
    |lhs_V_21_reg_7309                 |   8|   0|    8|          0|
    |lhs_V_21_reg_7309_pp0_iter3_reg   |   8|   0|    8|          0|
    |lhs_V_22_reg_7319                 |   8|   0|    8|          0|
    |lhs_V_23_reg_7329                 |   8|   0|    8|          0|
    |lhs_V_25_reg_7349                 |   8|   0|    8|          0|
    |lhs_V_27_reg_7369                 |   8|   0|    8|          0|
    |lhs_V_28_reg_7379                 |   8|   0|    8|          0|
    |lhs_V_30_reg_7399                 |   8|   0|    8|          0|
    |lhs_V_30_reg_7399_pp0_iter3_reg   |   8|   0|    8|          0|
    |lhs_V_31_reg_7409                 |   8|   0|    8|          0|
    |lhs_V_32_reg_7419                 |   8|   0|    8|          0|
    |lhs_V_34_reg_7439                 |   8|   0|    8|          0|
    |lhs_V_36_reg_7459                 |   8|   0|    8|          0|
    |lhs_V_37_reg_7469                 |   8|   0|    8|          0|
    |lhs_V_39_reg_7489                 |   8|   0|    8|          0|
    |lhs_V_39_reg_7489_pp0_iter3_reg   |   8|   0|    8|          0|
    |lhs_V_3_reg_7129                  |   8|   0|    8|          0|
    |lhs_V_3_reg_7129_pp0_iter3_reg    |   8|   0|    8|          0|
    |lhs_V_40_reg_7499                 |   8|   0|    8|          0|
    |lhs_V_41_reg_7509                 |   8|   0|    8|          0|
    |lhs_V_43_reg_7529                 |   8|   0|    8|          0|
    |lhs_V_45_reg_7549                 |   8|   0|    8|          0|
    |lhs_V_46_reg_7559                 |   8|   0|    8|          0|
    |lhs_V_48_reg_7579                 |   8|   0|    8|          0|
    |lhs_V_48_reg_7579_pp0_iter3_reg   |   8|   0|    8|          0|
    |lhs_V_49_reg_7589                 |   8|   0|    8|          0|
    |lhs_V_4_reg_7139                  |   8|   0|    8|          0|
    |lhs_V_50_reg_7599                 |   8|   0|    8|          0|
    |lhs_V_52_reg_7619                 |   8|   0|    8|          0|
    |lhs_V_54_reg_7639                 |   8|   0|    8|          0|
    |lhs_V_55_reg_7649                 |   8|   0|    8|          0|
    |lhs_V_57_reg_7669                 |   8|   0|    8|          0|
    |lhs_V_57_reg_7669_pp0_iter3_reg   |   8|   0|    8|          0|
    |lhs_V_58_reg_7679                 |   8|   0|    8|          0|
    |lhs_V_59_reg_7689                 |   8|   0|    8|          0|
    |lhs_V_5_reg_7149                  |   8|   0|    8|          0|
    |lhs_V_61_reg_7709                 |   8|   0|    8|          0|
    |lhs_V_63_reg_7729                 |   8|   0|    8|          0|
    |lhs_V_64_reg_7739                 |   8|   0|    8|          0|
    |lhs_V_66_reg_7759                 |   8|   0|    8|          0|
    |lhs_V_66_reg_7759_pp0_iter3_reg   |   8|   0|    8|          0|
    |lhs_V_67_reg_7769                 |   8|   0|    8|          0|
    |lhs_V_68_reg_7779                 |   8|   0|    8|          0|
    |lhs_V_70_reg_7799                 |   8|   0|    8|          0|
    |lhs_V_72_reg_7819                 |   8|   0|    8|          0|
    |lhs_V_73_reg_7829                 |   8|   0|    8|          0|
    |lhs_V_75_reg_7849                 |   8|   0|    8|          0|
    |lhs_V_75_reg_7849_pp0_iter3_reg   |   8|   0|    8|          0|
    |lhs_V_76_reg_7859                 |   8|   0|    8|          0|
    |lhs_V_77_reg_7869                 |   8|   0|    8|          0|
    |lhs_V_79_reg_7889                 |   8|   0|    8|          0|
    |lhs_V_7_reg_7169                  |   8|   0|    8|          0|
    |lhs_V_81_reg_7909                 |   8|   0|    8|          0|
    |lhs_V_82_reg_7919                 |   8|   0|    8|          0|
    |lhs_V_84_reg_7939                 |   8|   0|    8|          0|
    |lhs_V_84_reg_7939_pp0_iter3_reg   |   8|   0|    8|          0|
    |lhs_V_85_reg_7949                 |   8|   0|    8|          0|
    |lhs_V_86_reg_7959                 |   8|   0|    8|          0|
    |lhs_V_88_reg_7979                 |   8|   0|    8|          0|
    |lhs_V_90_reg_7999                 |   8|   0|    8|          0|
    |lhs_V_91_reg_8009                 |   8|   0|    8|          0|
    |lhs_V_93_reg_8029                 |   8|   0|    8|          0|
    |lhs_V_93_reg_8029_pp0_iter3_reg   |   8|   0|    8|          0|
    |lhs_V_94_reg_8039                 |   8|   0|    8|          0|
    |lhs_V_95_reg_8049                 |   8|   0|    8|          0|
    |lhs_V_97_reg_8069                 |   8|   0|    8|          0|
    |lhs_V_99_reg_8089                 |   8|   0|    8|          0|
    |lhs_V_9_reg_7189                  |   8|   0|    8|          0|
    |lhs_V_reg_7099                    |   8|   0|    8|          0|
    |p_Val2_10_fu_766                  |  64|   0|   64|          0|
    |p_Val2_3_fu_738                   |  64|   0|   64|          0|
    |p_Val2_4_fu_742                   |  64|   0|   64|          0|
    |p_Val2_5_fu_746                   |  64|   0|   64|          0|
    |p_Val2_6_fu_750                   |  64|   0|   64|          0|
    |p_Val2_7_fu_754                   |  64|   0|   64|          0|
    |p_Val2_8_fu_758                   |  64|   0|   64|          0|
    |p_Val2_9_fu_762                   |  64|   0|   64|          0|
    |p_Val2_s_fu_734                   |  64|   0|   64|          0|
    |partial_sum_V_11_reg_10004        |  15|   0|   15|          0|
    |partial_sum_V_13_reg_10009        |  15|   0|   15|          0|
    |partial_sum_V_15_reg_10014        |  15|   0|   15|          0|
    |partial_sum_V_17_reg_10019        |  15|   0|   15|          0|
    |partial_sum_V_19_reg_10024        |  15|   0|   15|          0|
    |partial_sum_V_1_reg_9979          |  15|   0|   15|          0|
    |partial_sum_V_21_reg_10029        |  15|   0|   15|          0|
    |partial_sum_V_23_reg_10034        |  15|   0|   15|          0|
    |partial_sum_V_25_reg_10039        |  15|   0|   15|          0|
    |partial_sum_V_27_reg_10044        |  15|   0|   15|          0|
    |partial_sum_V_29_reg_10049        |  15|   0|   15|          0|
    |partial_sum_V_31_reg_10054        |  15|   0|   15|          0|
    |partial_sum_V_3_reg_9984          |  15|   0|   15|          0|
    |partial_sum_V_5_reg_9989          |  15|   0|   15|          0|
    |partial_sum_V_7_reg_9994          |  15|   0|   15|          0|
    |partial_sum_V_9_reg_9999          |  15|   0|   15|          0|
    |ret_104_reg_8949                  |  12|   0|   12|          0|
    |ret_106_reg_8954                  |  12|   0|   12|          0|
    |ret_113_reg_8984                  |  12|   0|   12|          0|
    |ret_115_reg_8989                  |  12|   0|   12|          0|
    |ret_122_reg_9019                  |  12|   0|   12|          0|
    |ret_124_reg_9024                  |  12|   0|   12|          0|
    |ret_131_reg_9054                  |  12|   0|   12|          0|
    |ret_133_reg_9059                  |  12|   0|   12|          0|
    |ret_140_reg_9089                  |  12|   0|   12|          0|
    |ret_142_reg_9094                  |  12|   0|   12|          0|
    |ret_144_reg_8539                  |  12|   0|   12|          0|
    |ret_145_reg_8574                  |  12|   0|   12|          0|
    |ret_146_reg_8609                  |  12|   0|   12|          0|
    |ret_147_reg_8644                  |  12|   0|   12|          0|
    |ret_148_reg_8679                  |  12|   0|   12|          0|
    |ret_149_reg_8714                  |  12|   0|   12|          0|
    |ret_14_reg_8599                   |  12|   0|   12|          0|
    |ret_150_reg_8749                  |  12|   0|   12|          0|
    |ret_151_reg_8784                  |  12|   0|   12|          0|
    |ret_152_reg_8819                  |  12|   0|   12|          0|
    |ret_153_reg_8854                  |  12|   0|   12|          0|
    |ret_154_reg_8889                  |  12|   0|   12|          0|
    |ret_155_reg_8924                  |  12|   0|   12|          0|
    |ret_156_reg_8959                  |  12|   0|   12|          0|
    |ret_157_reg_8994                  |  12|   0|   12|          0|
    |ret_158_reg_9029                  |  12|   0|   12|          0|
    |ret_159_reg_9064                  |  12|   0|   12|          0|
    |ret_16_reg_8604                   |  12|   0|   12|          0|
    |ret_23_reg_8634                   |  12|   0|   12|          0|
    |ret_25_reg_8639                   |  12|   0|   12|          0|
    |ret_32_reg_8669                   |  12|   0|   12|          0|
    |ret_34_reg_8674                   |  12|   0|   12|          0|
    |ret_41_reg_8704                   |  12|   0|   12|          0|
    |ret_43_reg_8709                   |  12|   0|   12|          0|
    |ret_50_reg_8739                   |  12|   0|   12|          0|
    |ret_52_reg_8744                   |  12|   0|   12|          0|
    |ret_59_reg_8774                   |  12|   0|   12|          0|
    |ret_5_reg_8564                    |  12|   0|   12|          0|
    |ret_61_reg_8779                   |  12|   0|   12|          0|
    |ret_68_reg_8809                   |  12|   0|   12|          0|
    |ret_70_reg_8814                   |  12|   0|   12|          0|
    |ret_77_reg_8844                   |  12|   0|   12|          0|
    |ret_79_reg_8849                   |  12|   0|   12|          0|
    |ret_7_reg_8569                    |  12|   0|   12|          0|
    |ret_86_reg_8879                   |  12|   0|   12|          0|
    |ret_88_reg_8884                   |  12|   0|   12|          0|
    |ret_95_reg_8914                   |  12|   0|   12|          0|
    |ret_97_reg_8919                   |  12|   0|   12|          0|
    |rhs_100_reg_8104                  |   4|   0|    4|          0|
    |rhs_102_reg_8124                  |   4|   0|    4|          0|
    |rhs_102_reg_8124_pp0_iter3_reg    |   4|   0|    4|          0|
    |rhs_103_reg_8134                  |   4|   0|    4|          0|
    |rhs_104_reg_8144                  |   4|   0|    4|          0|
    |rhs_106_reg_8164                  |   4|   0|    4|          0|
    |rhs_108_reg_8184                  |   4|   0|    4|          0|
    |rhs_109_reg_8194                  |   4|   0|    4|          0|
    |rhs_10_reg_7204                   |   4|   0|    4|          0|
    |rhs_111_reg_8214                  |   4|   0|    4|          0|
    |rhs_111_reg_8214_pp0_iter3_reg    |   4|   0|    4|          0|
    |rhs_112_reg_8224                  |   4|   0|    4|          0|
    |rhs_113_reg_8234                  |   4|   0|    4|          0|
    |rhs_115_reg_8254                  |   4|   0|    4|          0|
    |rhs_117_reg_8274                  |   4|   0|    4|          0|
    |rhs_118_reg_8284                  |   4|   0|    4|          0|
    |rhs_120_reg_8304                  |   4|   0|    4|          0|
    |rhs_120_reg_8304_pp0_iter3_reg    |   4|   0|    4|          0|
    |rhs_121_reg_8314                  |   4|   0|    4|          0|
    |rhs_122_reg_8324                  |   4|   0|    4|          0|
    |rhs_124_reg_8344                  |   4|   0|    4|          0|
    |rhs_126_reg_8364                  |   4|   0|    4|          0|
    |rhs_127_reg_8374                  |   4|   0|    4|          0|
    |rhs_129_reg_8394                  |   4|   0|    4|          0|
    |rhs_129_reg_8394_pp0_iter3_reg    |   4|   0|    4|          0|
    |rhs_12_reg_7224                   |   4|   0|    4|          0|
    |rhs_12_reg_7224_pp0_iter3_reg     |   4|   0|    4|          0|
    |rhs_130_reg_8404                  |   4|   0|    4|          0|
    |rhs_131_reg_8414                  |   4|   0|    4|          0|
    |rhs_133_reg_8434                  |   4|   0|    4|          0|
    |rhs_135_reg_8454                  |   4|   0|    4|          0|
    |rhs_136_reg_8464                  |   4|   0|    4|          0|
    |rhs_138_reg_8484                  |   4|   0|    4|          0|
    |rhs_138_reg_8484_pp0_iter3_reg    |   4|   0|    4|          0|
    |rhs_139_reg_8494                  |   4|   0|    4|          0|
    |rhs_13_reg_7234                   |   4|   0|    4|          0|
    |rhs_140_reg_8504                  |   4|   0|    4|          0|
    |rhs_142_reg_8524                  |   4|   0|    4|          0|
    |rhs_14_reg_7244                   |   4|   0|    4|          0|
    |rhs_16_reg_7264                   |   4|   0|    4|          0|
    |rhs_18_reg_7284                   |   4|   0|    4|          0|
    |rhs_19_reg_7294                   |   4|   0|    4|          0|
    |rhs_1_reg_7114                    |   4|   0|    4|          0|
    |rhs_21_reg_7314                   |   4|   0|    4|          0|
    |rhs_21_reg_7314_pp0_iter3_reg     |   4|   0|    4|          0|
    |rhs_22_reg_7324                   |   4|   0|    4|          0|
    |rhs_23_reg_7334                   |   4|   0|    4|          0|
    |rhs_25_reg_7354                   |   4|   0|    4|          0|
    |rhs_27_reg_7374                   |   4|   0|    4|          0|
    |rhs_28_reg_7384                   |   4|   0|    4|          0|
    |rhs_30_reg_7404                   |   4|   0|    4|          0|
    |rhs_30_reg_7404_pp0_iter3_reg     |   4|   0|    4|          0|
    |rhs_31_reg_7414                   |   4|   0|    4|          0|
    |rhs_32_reg_7424                   |   4|   0|    4|          0|
    |rhs_34_reg_7444                   |   4|   0|    4|          0|
    |rhs_36_reg_7464                   |   4|   0|    4|          0|
    |rhs_37_reg_7474                   |   4|   0|    4|          0|
    |rhs_39_reg_7494                   |   4|   0|    4|          0|
    |rhs_39_reg_7494_pp0_iter3_reg     |   4|   0|    4|          0|
    |rhs_3_reg_7134                    |   4|   0|    4|          0|
    |rhs_3_reg_7134_pp0_iter3_reg      |   4|   0|    4|          0|
    |rhs_40_reg_7504                   |   4|   0|    4|          0|
    |rhs_41_reg_7514                   |   4|   0|    4|          0|
    |rhs_43_reg_7534                   |   4|   0|    4|          0|
    |rhs_45_reg_7554                   |   4|   0|    4|          0|
    |rhs_46_reg_7564                   |   4|   0|    4|          0|
    |rhs_48_reg_7584                   |   4|   0|    4|          0|
    |rhs_48_reg_7584_pp0_iter3_reg     |   4|   0|    4|          0|
    |rhs_49_reg_7594                   |   4|   0|    4|          0|
    |rhs_4_reg_7144                    |   4|   0|    4|          0|
    |rhs_50_reg_7604                   |   4|   0|    4|          0|
    |rhs_52_reg_7624                   |   4|   0|    4|          0|
    |rhs_54_reg_7644                   |   4|   0|    4|          0|
    |rhs_55_reg_7654                   |   4|   0|    4|          0|
    |rhs_57_reg_7674                   |   4|   0|    4|          0|
    |rhs_57_reg_7674_pp0_iter3_reg     |   4|   0|    4|          0|
    |rhs_58_reg_7684                   |   4|   0|    4|          0|
    |rhs_59_reg_7694                   |   4|   0|    4|          0|
    |rhs_5_reg_7154                    |   4|   0|    4|          0|
    |rhs_61_reg_7714                   |   4|   0|    4|          0|
    |rhs_63_reg_7734                   |   4|   0|    4|          0|
    |rhs_64_reg_7744                   |   4|   0|    4|          0|
    |rhs_66_reg_7764                   |   4|   0|    4|          0|
    |rhs_66_reg_7764_pp0_iter3_reg     |   4|   0|    4|          0|
    |rhs_67_reg_7774                   |   4|   0|    4|          0|
    |rhs_68_reg_7784                   |   4|   0|    4|          0|
    |rhs_70_reg_7804                   |   4|   0|    4|          0|
    |rhs_72_reg_7824                   |   4|   0|    4|          0|
    |rhs_73_reg_7834                   |   4|   0|    4|          0|
    |rhs_75_reg_7854                   |   4|   0|    4|          0|
    |rhs_75_reg_7854_pp0_iter3_reg     |   4|   0|    4|          0|
    |rhs_76_reg_7864                   |   4|   0|    4|          0|
    |rhs_77_reg_7874                   |   4|   0|    4|          0|
    |rhs_79_reg_7894                   |   4|   0|    4|          0|
    |rhs_7_reg_7174                    |   4|   0|    4|          0|
    |rhs_81_reg_7914                   |   4|   0|    4|          0|
    |rhs_82_reg_7924                   |   4|   0|    4|          0|
    |rhs_84_reg_7944                   |   4|   0|    4|          0|
    |rhs_84_reg_7944_pp0_iter3_reg     |   4|   0|    4|          0|
    |rhs_85_reg_7954                   |   4|   0|    4|          0|
    |rhs_86_reg_7964                   |   4|   0|    4|          0|
    |rhs_88_reg_7984                   |   4|   0|    4|          0|
    |rhs_90_reg_8004                   |   4|   0|    4|          0|
    |rhs_91_reg_8014                   |   4|   0|    4|          0|
    |rhs_93_reg_8034                   |   4|   0|    4|          0|
    |rhs_93_reg_8034_pp0_iter3_reg     |   4|   0|    4|          0|
    |rhs_94_reg_8044                   |   4|   0|    4|          0|
    |rhs_95_reg_8054                   |   4|   0|    4|          0|
    |rhs_97_reg_8074                   |   4|   0|    4|          0|
    |rhs_99_reg_8094                   |   4|   0|    4|          0|
    |rhs_9_reg_7194                    |   4|   0|    4|          0|
    |rhs_reg_7104                      |   4|   0|    4|          0|
    |row_V_reg_858                     |  16|   0|   16|          0|
    |select_ln210_1_reg_7065           |   1|   0|    1|          0|
    |select_ln211_reg_7077             |  16|   0|   16|          0|
    |skip3_1_reg_7002                  |   1|   0|    1|          0|
    |trunc_ln_reg_7012                 |  12|   0|   12|          0|
    |add_ln691_102_reg_9569            |  64|  32|   13|          0|
    |add_ln691_110_reg_9584            |  64|  32|   13|          0|
    |add_ln691_118_reg_9599            |  64|  32|   13|          0|
    |add_ln691_126_reg_9614            |  64|  32|   13|          0|
    |add_ln691_134_reg_9629            |  64|  32|   13|          0|
    |add_ln691_142_reg_9644            |  64|  32|   13|          0|
    |add_ln691_150_reg_9659            |  64|  32|   13|          0|
    |add_ln691_158_reg_9674            |  64|  32|   13|          0|
    |add_ln691_166_reg_9689            |  64|  32|   13|          0|
    |add_ln691_174_reg_9704            |  64|  32|   13|          0|
    |add_ln691_182_reg_9719            |  64|  32|   13|          0|
    |add_ln691_190_reg_9734            |  64|  32|   13|          0|
    |add_ln691_70_reg_9509             |  64|  32|   13|          0|
    |add_ln691_78_reg_9524             |  64|  32|   13|          0|
    |add_ln691_86_reg_9539             |  64|  32|   13|          0|
    |add_ln691_94_reg_9554             |  64|  32|   13|          0|
    +----------------------------------+----+----+-----+-----------+
    |Total                             |4816| 512| 4000|          0|
    +----------------------------------+----+----+-----+-----------+



================================================================
== Interface
================================================================
* Summary: 
+---------------------+-----+------+------------+-----------------------------------------+--------------+
|      RTL Ports      | Dir | Bits |  Protocol  |              Source Object              |    C Type    |
+---------------------+-----+------+------------+-----------------------------------------+--------------+
|ap_clk               |   in|     1|  ap_ctrl_hs|  dw_deform_M<512, 1024, 16, 24, 8, 4, 1>|  return value|
|ap_rst               |   in|     1|  ap_ctrl_hs|  dw_deform_M<512, 1024, 16, 24, 8, 4, 1>|  return value|
|ap_start             |   in|     1|  ap_ctrl_hs|  dw_deform_M<512, 1024, 16, 24, 8, 4, 1>|  return value|
|ap_done              |  out|     1|  ap_ctrl_hs|  dw_deform_M<512, 1024, 16, 24, 8, 4, 1>|  return value|
|ap_continue          |   in|     1|  ap_ctrl_hs|  dw_deform_M<512, 1024, 16, 24, 8, 4, 1>|  return value|
|ap_idle              |  out|     1|  ap_ctrl_hs|  dw_deform_M<512, 1024, 16, 24, 8, 4, 1>|  return value|
|ap_ready             |  out|     1|  ap_ctrl_hs|  dw_deform_M<512, 1024, 16, 24, 8, 4, 1>|  return value|
|in_layer_dout        |   in|  1152|     ap_fifo|                                 in_layer|       pointer|
|in_layer_empty_n     |   in|     1|     ap_fifo|                                 in_layer|       pointer|
|in_layer_read        |  out|     1|     ap_fifo|                                 in_layer|       pointer|
|s_conv3_din          |  out|   512|     ap_fifo|                                  s_conv3|       pointer|
|s_conv3_full_n       |   in|     1|     ap_fifo|                                  s_conv3|       pointer|
|s_conv3_write        |  out|     1|     ap_fifo|                                  s_conv3|       pointer|
|k3s_dout             |   in|   576|     ap_fifo|                                      k3s|       pointer|
|k3s_empty_n          |   in|     1|     ap_fifo|                                      k3s|       pointer|
|k3s_read             |  out|     1|     ap_fifo|                                      k3s|       pointer|
|D_V_loc_dout         |   in|    16|     ap_fifo|                                  D_V_loc|       pointer|
|D_V_loc_empty_n      |   in|     1|     ap_fifo|                                  D_V_loc|       pointer|
|D_V_loc_read         |  out|     1|     ap_fifo|                                  D_V_loc|       pointer|
|OC_V_loc_dout        |   in|    16|     ap_fifo|                                 OC_V_loc|       pointer|
|OC_V_loc_empty_n     |   in|     1|     ap_fifo|                                 OC_V_loc|       pointer|
|OC_V_loc_read        |  out|     1|     ap_fifo|                                 OC_V_loc|       pointer|
|batch_dout           |   in|    32|     ap_fifo|                                    batch|       pointer|
|batch_empty_n        |   in|     1|     ap_fifo|                                    batch|       pointer|
|batch_read           |  out|     1|     ap_fifo|                                    batch|       pointer|
|STRIDE_2_dout        |   in|     1|     ap_fifo|                                 STRIDE_2|       pointer|
|STRIDE_2_empty_n     |   in|     1|     ap_fifo|                                 STRIDE_2|       pointer|
|STRIDE_2_read        |  out|     1|     ap_fifo|                                 STRIDE_2|       pointer|
|skip3_dout           |   in|     1|     ap_fifo|                                    skip3|       pointer|
|skip3_empty_n        |   in|     1|     ap_fifo|                                    skip3|       pointer|
|skip3_read           |  out|     1|     ap_fifo|                                    skip3|       pointer|
|OC_V_loc_out_din     |  out|    16|     ap_fifo|                             OC_V_loc_out|       pointer|
|OC_V_loc_out_full_n  |   in|     1|     ap_fifo|                             OC_V_loc_out|       pointer|
|OC_V_loc_out_write   |  out|     1|     ap_fifo|                             OC_V_loc_out|       pointer|
|skip3_out_din        |  out|     1|     ap_fifo|                                skip3_out|       pointer|
|skip3_out_full_n     |   in|     1|     ap_fifo|                                skip3_out|       pointer|
|skip3_out_write      |  out|     1|     ap_fifo|                                skip3_out|       pointer|
+---------------------+-----+------+------------+-----------------------------------------+--------------+

