

================================================================
== Vitis HLS Report for 'Loop_VITIS_LOOP_38_1_proc'
================================================================
* Date:           Wed Feb 24 15:50:08 2021

* Version:        2020.2 (Build 3064766 on Wed Nov 18 09:12:47 MST 2020)
* Project:        batch
* Solution:       solution1 (Vivado IP Flow Target)
* Product family: zynquplus
* Target device:  xczu3eg-sbva484-1-i


================================================================
== Performance Estimates
================================================================
+ Timing: 
    * Summary: 
    +--------+---------+----------+------------+
    |  Clock |  Target | Estimated| Uncertainty|
    +--------+---------+----------+------------+
    |ap_clk  |  3.00 ns|  2.190 ns|     0.81 ns|
    +--------+---------+----------+------------+

+ Latency: 
    * Summary: 
    +---------+---------+----------+----------+-----+-----+---------+
    |  Latency (cycles) |  Latency (absolute) |  Interval | Pipeline|
    |   min   |   max   |    min   |    max   | min | max |   Type  |
    +---------+---------+----------+----------+-----+-----+---------+
    |        ?|        ?|         ?|         ?|    ?|    ?|     none|
    +---------+---------+----------+----------+-----+-----+---------+

    + Detail: 
        * Instance: 
        N/A

        * Loop: 
        +-------------------+---------+---------+----------+-----------+-----------+------+----------+
        |                   |  Latency (cycles) | Iteration|  Initiation Interval  | Trip |          |
        |     Loop Name     |   min   |   max   |  Latency |  achieved |   target  | Count| Pipelined|
        +-------------------+---------+---------+----------+-----------+-----------+------+----------+
        |- VITIS_LOOP_38_1  |        ?|        ?|         3|          1|          1|     ?|       yes|
        +-------------------+---------+---------+----------+-----------+-----------+------+----------+



================================================================
== Utilization Estimates
================================================================
* Summary: 
+-----------------+---------+-----+--------+-------+-----+
|       Name      | BRAM_18K| DSP |   FF   |  LUT  | URAM|
+-----------------+---------+-----+--------+-------+-----+
|DSP              |        -|    -|       -|      -|    -|
|Expression       |        -|    -|       0|     61|    -|
|FIFO             |        -|    -|       -|      -|    -|
|Instance         |        -|    -|       -|      -|    -|
|Memory           |        -|    -|       -|      -|    -|
|Multiplexer      |        -|    -|       -|    131|    -|
|Register         |        -|    -|     225|      -|    -|
+-----------------+---------+-----+--------+-------+-----+
|Total            |        0|    0|     225|    192|    0|
+-----------------+---------+-----+--------+-------+-----+
|Available        |      432|  360|  141120|  70560|    0|
+-----------------+---------+-----+--------+-------+-----+
|Utilization (%)  |        0|    0|      ~0|     ~0|    0|
+-----------------+---------+-----+--------+-------+-----+

+ Detail: 
    * Instance: 
    N/A

    * DSP: 
    N/A

    * Memory: 
    N/A

    * FIFO: 
    N/A

    * Expression: 
    +---------------------------+----------+----+---+----+------------+------------+
    |       Variable Name       | Operation| DSP| FF| LUT| Bitwidth P0| Bitwidth P1|
    +---------------------------+----------+----+---+----+------------+------------+
    |add_ln38_fu_404_p2         |         +|   0|  0|  35|          28|           1|
    |ap_block_pp0_stage0_11001  |       and|   0|  0|   2|           1|           1|
    |icmp_ln878_fu_410_p2       |      icmp|   0|  0|  18|          28|          28|
    |ap_block_state1            |        or|   0|  0|   2|           1|           1|
    |ap_enable_pp0              |       xor|   0|  0|   2|           1|           2|
    |ap_enable_reg_pp0_iter1    |       xor|   0|  0|   2|           2|           1|
    +---------------------------+----------+----+---+----+------------+------------+
    |Total                      |          |   0|  0|  61|          61|          34|
    +---------------------------+----------+----+---+----+------------+------------+

    * Multiplexer: 
    +-------------------------+----+-----------+-----+-----------+
    |           Name          | LUT| Input Size| Bits| Total Bits|
    +-------------------------+----+-----------+-----+-----------+
    |ap_NS_fsm                |  59|         11|    1|         11|
    |ap_done                  |   9|          2|    1|          2|
    |ap_enable_reg_pp0_iter1  |   9|          2|    1|          2|
    |ap_enable_reg_pp0_iter2  |   9|          2|    1|          2|
    |gmem2_blk_n_AR           |   9|          2|    1|          2|
    |gmem2_blk_n_R            |   9|          2|    1|          2|
    |i_reg_359                |   9|          2|   28|         56|
    |k0_1_blk_n               |   9|          2|    1|          2|
    |ret_V_1_loc_blk_n        |   9|          2|    1|          2|
    +-------------------------+----+-----------+-----+-----------+
    |Total                    | 131|         27|   36|         81|
    +-------------------------+----+-----------+-----+-----------+

    * Register: 
    +----------------------------------+----+----+-----+-----------+
    |               Name               | FF | LUT| Bits| Const Bits|
    +----------------------------------+----+----+-----+-----------+
    |ap_CS_fsm                         |  10|   0|   10|          0|
    |ap_done_reg                       |   1|   0|    1|          0|
    |ap_enable_reg_pp0_iter0           |   1|   0|    1|          0|
    |ap_enable_reg_pp0_iter1           |   1|   0|    1|          0|
    |ap_enable_reg_pp0_iter2           |   1|   0|    1|          0|
    |gmem2_addr_read_reg_488           |  64|   0|   64|          0|
    |i_reg_359                         |  28|   0|   28|          0|
    |lshr_ln_reg_479                   |  11|   0|   11|          0|
    |lshr_ln_reg_479_pp0_iter1_reg     |  11|   0|   11|          0|
    |trunc_ln40_2_reg_454              |  61|   0|   61|          0|
    |trunc_ln40_reg_484                |   4|   0|    4|          0|
    |trunc_ln40_reg_484_pp0_iter1_reg  |   4|   0|    4|          0|
    |trunc_ln_reg_448                  |  28|   0|   28|          0|
    +----------------------------------+----+----+-----+-----------+
    |Total                             | 225|   0|  225|          0|
    +----------------------------------+----+----+-----+-----------+



================================================================
== Interface
================================================================
* Summary: 
+-------------------------+-----+-----+------------+---------------------------+--------------+
|        RTL Ports        | Dir | Bits|  Protocol  |       Source Object       |    C Type    |
+-------------------------+-----+-----+------------+---------------------------+--------------+
|ap_clk                   |   in|    1|  ap_ctrl_hs|  Loop_VITIS_LOOP_38_1_proc|  return value|
|ap_rst                   |   in|    1|  ap_ctrl_hs|  Loop_VITIS_LOOP_38_1_proc|  return value|
|ap_start                 |   in|    1|  ap_ctrl_hs|  Loop_VITIS_LOOP_38_1_proc|  return value|
|ap_done                  |  out|    1|  ap_ctrl_hs|  Loop_VITIS_LOOP_38_1_proc|  return value|
|ap_continue              |   in|    1|  ap_ctrl_hs|  Loop_VITIS_LOOP_38_1_proc|  return value|
|ap_idle                  |  out|    1|  ap_ctrl_hs|  Loop_VITIS_LOOP_38_1_proc|  return value|
|ap_ready                 |  out|    1|  ap_ctrl_hs|  Loop_VITIS_LOOP_38_1_proc|  return value|
|ret_V_1_loc_dout         |   in|   32|     ap_fifo|                ret_V_1_loc|       pointer|
|ret_V_1_loc_empty_n      |   in|    1|     ap_fifo|                ret_V_1_loc|       pointer|
|ret_V_1_loc_read         |  out|    1|     ap_fifo|                ret_V_1_loc|       pointer|
|k1_buffer_V_0_address0   |  out|   11|   ap_memory|              k1_buffer_V_0|         array|
|k1_buffer_V_0_ce0        |  out|    1|   ap_memory|              k1_buffer_V_0|         array|
|k1_buffer_V_0_we0        |  out|    1|   ap_memory|              k1_buffer_V_0|         array|
|k1_buffer_V_0_d0         |  out|   64|   ap_memory|              k1_buffer_V_0|         array|
|k1_buffer_V_1_address0   |  out|   11|   ap_memory|              k1_buffer_V_1|         array|
|k1_buffer_V_1_ce0        |  out|    1|   ap_memory|              k1_buffer_V_1|         array|
|k1_buffer_V_1_we0        |  out|    1|   ap_memory|              k1_buffer_V_1|         array|
|k1_buffer_V_1_d0         |  out|   64|   ap_memory|              k1_buffer_V_1|         array|
|k1_buffer_V_2_address0   |  out|   11|   ap_memory|              k1_buffer_V_2|         array|
|k1_buffer_V_2_ce0        |  out|    1|   ap_memory|              k1_buffer_V_2|         array|
|k1_buffer_V_2_we0        |  out|    1|   ap_memory|              k1_buffer_V_2|         array|
|k1_buffer_V_2_d0         |  out|   64|   ap_memory|              k1_buffer_V_2|         array|
|k1_buffer_V_3_address0   |  out|   11|   ap_memory|              k1_buffer_V_3|         array|
|k1_buffer_V_3_ce0        |  out|    1|   ap_memory|              k1_buffer_V_3|         array|
|k1_buffer_V_3_we0        |  out|    1|   ap_memory|              k1_buffer_V_3|         array|
|k1_buffer_V_3_d0         |  out|   64|   ap_memory|              k1_buffer_V_3|         array|
|k1_buffer_V_4_address0   |  out|   11|   ap_memory|              k1_buffer_V_4|         array|
|k1_buffer_V_4_ce0        |  out|    1|   ap_memory|              k1_buffer_V_4|         array|
|k1_buffer_V_4_we0        |  out|    1|   ap_memory|              k1_buffer_V_4|         array|
|k1_buffer_V_4_d0         |  out|   64|   ap_memory|              k1_buffer_V_4|         array|
|k1_buffer_V_5_address0   |  out|   11|   ap_memory|              k1_buffer_V_5|         array|
|k1_buffer_V_5_ce0        |  out|    1|   ap_memory|              k1_buffer_V_5|         array|
|k1_buffer_V_5_we0        |  out|    1|   ap_memory|              k1_buffer_V_5|         array|
|k1_buffer_V_5_d0         |  out|   64|   ap_memory|              k1_buffer_V_5|         array|
|k1_buffer_V_6_address0   |  out|   11|   ap_memory|              k1_buffer_V_6|         array|
|k1_buffer_V_6_ce0        |  out|    1|   ap_memory|              k1_buffer_V_6|         array|
|k1_buffer_V_6_we0        |  out|    1|   ap_memory|              k1_buffer_V_6|         array|
|k1_buffer_V_6_d0         |  out|   64|   ap_memory|              k1_buffer_V_6|         array|
|k1_buffer_V_7_address0   |  out|   11|   ap_memory|              k1_buffer_V_7|         array|
|k1_buffer_V_7_ce0        |  out|    1|   ap_memory|              k1_buffer_V_7|         array|
|k1_buffer_V_7_we0        |  out|    1|   ap_memory|              k1_buffer_V_7|         array|
|k1_buffer_V_7_d0         |  out|   64|   ap_memory|              k1_buffer_V_7|         array|
|k1_buffer_V_8_address0   |  out|   11|   ap_memory|              k1_buffer_V_8|         array|
|k1_buffer_V_8_ce0        |  out|    1|   ap_memory|              k1_buffer_V_8|         array|
|k1_buffer_V_8_we0        |  out|    1|   ap_memory|              k1_buffer_V_8|         array|
|k1_buffer_V_8_d0         |  out|   64|   ap_memory|              k1_buffer_V_8|         array|
|k1_buffer_V_9_address0   |  out|   11|   ap_memory|              k1_buffer_V_9|         array|
|k1_buffer_V_9_ce0        |  out|    1|   ap_memory|              k1_buffer_V_9|         array|
|k1_buffer_V_9_we0        |  out|    1|   ap_memory|              k1_buffer_V_9|         array|
|k1_buffer_V_9_d0         |  out|   64|   ap_memory|              k1_buffer_V_9|         array|
|k1_buffer_V_10_address0  |  out|   11|   ap_memory|             k1_buffer_V_10|         array|
|k1_buffer_V_10_ce0       |  out|    1|   ap_memory|             k1_buffer_V_10|         array|
|k1_buffer_V_10_we0       |  out|    1|   ap_memory|             k1_buffer_V_10|         array|
|k1_buffer_V_10_d0        |  out|   64|   ap_memory|             k1_buffer_V_10|         array|
|k1_buffer_V_11_address0  |  out|   11|   ap_memory|             k1_buffer_V_11|         array|
|k1_buffer_V_11_ce0       |  out|    1|   ap_memory|             k1_buffer_V_11|         array|
|k1_buffer_V_11_we0       |  out|    1|   ap_memory|             k1_buffer_V_11|         array|
|k1_buffer_V_11_d0        |  out|   64|   ap_memory|             k1_buffer_V_11|         array|
|k1_buffer_V_12_address0  |  out|   11|   ap_memory|             k1_buffer_V_12|         array|
|k1_buffer_V_12_ce0       |  out|    1|   ap_memory|             k1_buffer_V_12|         array|
|k1_buffer_V_12_we0       |  out|    1|   ap_memory|             k1_buffer_V_12|         array|
|k1_buffer_V_12_d0        |  out|   64|   ap_memory|             k1_buffer_V_12|         array|
|k1_buffer_V_13_address0  |  out|   11|   ap_memory|             k1_buffer_V_13|         array|
|k1_buffer_V_13_ce0       |  out|    1|   ap_memory|             k1_buffer_V_13|         array|
|k1_buffer_V_13_we0       |  out|    1|   ap_memory|             k1_buffer_V_13|         array|
|k1_buffer_V_13_d0        |  out|   64|   ap_memory|             k1_buffer_V_13|         array|
|k1_buffer_V_14_address0  |  out|   11|   ap_memory|             k1_buffer_V_14|         array|
|k1_buffer_V_14_ce0       |  out|    1|   ap_memory|             k1_buffer_V_14|         array|
|k1_buffer_V_14_we0       |  out|    1|   ap_memory|             k1_buffer_V_14|         array|
|k1_buffer_V_14_d0        |  out|   64|   ap_memory|             k1_buffer_V_14|         array|
|k1_buffer_V_15_address0  |  out|   11|   ap_memory|             k1_buffer_V_15|         array|
|k1_buffer_V_15_ce0       |  out|    1|   ap_memory|             k1_buffer_V_15|         array|
|k1_buffer_V_15_we0       |  out|    1|   ap_memory|             k1_buffer_V_15|         array|
|k1_buffer_V_15_d0        |  out|   64|   ap_memory|             k1_buffer_V_15|         array|
|k0_1_dout                |   in|   64|     ap_fifo|                       k0_1|       pointer|
|k0_1_empty_n             |   in|    1|     ap_fifo|                       k0_1|       pointer|
|k0_1_read                |  out|    1|     ap_fifo|                       k0_1|       pointer|
|m_axi_gmem2_AWVALID      |  out|    1|       m_axi|                      gmem2|       pointer|
|m_axi_gmem2_AWREADY      |   in|    1|       m_axi|                      gmem2|       pointer|
|m_axi_gmem2_AWADDR       |  out|   64|       m_axi|                      gmem2|       pointer|
|m_axi_gmem2_AWID         |  out|    1|       m_axi|                      gmem2|       pointer|
|m_axi_gmem2_AWLEN        |  out|   32|       m_axi|                      gmem2|       pointer|
|m_axi_gmem2_AWSIZE       |  out|    3|       m_axi|                      gmem2|       pointer|
|m_axi_gmem2_AWBURST      |  out|    2|       m_axi|                      gmem2|       pointer|
|m_axi_gmem2_AWLOCK       |  out|    2|       m_axi|                      gmem2|       pointer|
|m_axi_gmem2_AWCACHE      |  out|    4|       m_axi|                      gmem2|       pointer|
|m_axi_gmem2_AWPROT       |  out|    3|       m_axi|                      gmem2|       pointer|
|m_axi_gmem2_AWQOS        |  out|    4|       m_axi|                      gmem2|       pointer|
|m_axi_gmem2_AWREGION     |  out|    4|       m_axi|                      gmem2|       pointer|
|m_axi_gmem2_AWUSER       |  out|    1|       m_axi|                      gmem2|       pointer|
|m_axi_gmem2_WVALID       |  out|    1|       m_axi|                      gmem2|       pointer|
|m_axi_gmem2_WREADY       |   in|    1|       m_axi|                      gmem2|       pointer|
|m_axi_gmem2_WDATA        |  out|   64|       m_axi|                      gmem2|       pointer|
|m_axi_gmem2_WSTRB        |  out|    8|       m_axi|                      gmem2|       pointer|
|m_axi_gmem2_WLAST        |  out|    1|       m_axi|                      gmem2|       pointer|
|m_axi_gmem2_WID          |  out|    1|       m_axi|                      gmem2|       pointer|
|m_axi_gmem2_WUSER        |  out|    1|       m_axi|                      gmem2|       pointer|
|m_axi_gmem2_ARVALID      |  out|    1|       m_axi|                      gmem2|       pointer|
|m_axi_gmem2_ARREADY      |   in|    1|       m_axi|                      gmem2|       pointer|
|m_axi_gmem2_ARADDR       |  out|   64|       m_axi|                      gmem2|       pointer|
|m_axi_gmem2_ARID         |  out|    1|       m_axi|                      gmem2|       pointer|
|m_axi_gmem2_ARLEN        |  out|   32|       m_axi|                      gmem2|       pointer|
|m_axi_gmem2_ARSIZE       |  out|    3|       m_axi|                      gmem2|       pointer|
|m_axi_gmem2_ARBURST      |  out|    2|       m_axi|                      gmem2|       pointer|
|m_axi_gmem2_ARLOCK       |  out|    2|       m_axi|                      gmem2|       pointer|
|m_axi_gmem2_ARCACHE      |  out|    4|       m_axi|                      gmem2|       pointer|
|m_axi_gmem2_ARPROT       |  out|    3|       m_axi|                      gmem2|       pointer|
|m_axi_gmem2_ARQOS        |  out|    4|       m_axi|                      gmem2|       pointer|
|m_axi_gmem2_ARREGION     |  out|    4|       m_axi|                      gmem2|       pointer|
|m_axi_gmem2_ARUSER       |  out|    1|       m_axi|                      gmem2|       pointer|
|m_axi_gmem2_RVALID       |   in|    1|       m_axi|                      gmem2|       pointer|
|m_axi_gmem2_RREADY       |  out|    1|       m_axi|                      gmem2|       pointer|
|m_axi_gmem2_RDATA        |   in|   64|       m_axi|                      gmem2|       pointer|
|m_axi_gmem2_RLAST        |   in|    1|       m_axi|                      gmem2|       pointer|
|m_axi_gmem2_RID          |   in|    1|       m_axi|                      gmem2|       pointer|
|m_axi_gmem2_RUSER        |   in|    1|       m_axi|                      gmem2|       pointer|
|m_axi_gmem2_RRESP        |   in|    2|       m_axi|                      gmem2|       pointer|
|m_axi_gmem2_BVALID       |   in|    1|       m_axi|                      gmem2|       pointer|
|m_axi_gmem2_BREADY       |  out|    1|       m_axi|                      gmem2|       pointer|
|m_axi_gmem2_BRESP        |   in|    2|       m_axi|                      gmem2|       pointer|
|m_axi_gmem2_BID          |   in|    1|       m_axi|                      gmem2|       pointer|
|m_axi_gmem2_BUSER        |   in|    1|       m_axi|                      gmem2|       pointer|
+-------------------------+-----+-----+------------+---------------------------+--------------+

