

================================================================
== Vitis HLS Report for 'M2S_repeat_16_16_ap_int_16_ap_int_256_21'
================================================================
* Date:           Wed Feb 24 15:50:08 2021

* Version:        2020.2 (Build 3064766 on Wed Nov 18 09:12:47 MST 2020)
* Project:        batch
* Solution:       solution1 (Vivado IP Flow Target)
* Product family: zynquplus
* Target device:  xczu3eg-sbva484-1-i


================================================================
== Performance Estimates
================================================================
+ Timing: 
    * Summary: 
    +--------+---------+----------+------------+
    |  Clock |  Target | Estimated| Uncertainty|
    +--------+---------+----------+------------+
    |ap_clk  |  3.00 ns|  2.020 ns|     0.81 ns|
    +--------+---------+----------+------------+

+ Latency: 
    * Summary: 
    +---------+---------+----------+----------+-----+-----+---------+
    |  Latency (cycles) |  Latency (absolute) |  Interval | Pipeline|
    |   min   |   max   |    min   |    max   | min | max |   Type  |
    +---------+---------+----------+----------+-----+-----+---------+
    |        ?|        ?|         ?|         ?|    ?|    ?|     none|
    +---------+---------+----------+----------+-----+-----+---------+

    + Detail: 
        * Instance: 
        N/A

        * Loop: 
        +-----------------------------------+---------+---------+----------+-----------+-----------+------+----------+
        |                                   |  Latency (cycles) | Iteration|  Initiation Interval  | Trip |          |
        |             Loop Name             |   min   |   max   |  Latency |  achieved |   target  | Count| Pipelined|
        +-----------------------------------+---------+---------+----------+-----------+-----------+------+----------+
        |- VITIS_LOOP_35_1_VITIS_LOOP_36_2  |        ?|        ?|         4|          2|          1|     ?|       yes|
        +-----------------------------------+---------+---------+----------+-----------+-----------+------+----------+



================================================================
== Utilization Estimates
================================================================
* Summary: 
+-----------------+---------+-----+--------+-------+-----+
|       Name      | BRAM_18K| DSP |   FF   |  LUT  | URAM|
+-----------------+---------+-----+--------+-------+-----+
|DSP              |        -|    -|       -|      -|    -|
|Expression       |        -|    -|       0|    163|    -|
|FIFO             |        -|    -|       -|      -|    -|
|Instance         |        -|    1|     215|    689|    -|
|Memory           |        -|    -|       -|      -|    -|
|Multiplexer      |        -|    -|       -|    144|    -|
|Register         |        -|    -|     488|      -|    -|
+-----------------+---------+-----+--------+-------+-----+
|Total            |        0|    1|     703|    996|    0|
+-----------------+---------+-----+--------+-------+-----+
|Available        |      432|  360|  141120|  70560|    0|
+-----------------+---------+-----+--------+-------+-----+
|Utilization (%)  |        0|   ~0|      ~0|      1|    0|
+-----------------+---------+-----+--------+-------+-----+

+ Detail: 
    * Instance: 
    +---------------------------+----------------------+---------+----+-----+----+-----+
    |          Instance         |        Module        | BRAM_18K| DSP|  FF | LUT| URAM|
    +---------------------------+----------------------+---------+----+-----+----+-----+
    |mul_32ns_12ns_44_5_1_U139  |mul_32ns_12ns_44_5_1  |        0|   1|  215|   1|    0|
    |mux_864_16_1_1_U140        |mux_864_16_1_1        |        0|   0|    0|  43|    0|
    |mux_864_16_1_1_U141        |mux_864_16_1_1        |        0|   0|    0|  43|    0|
    |mux_864_16_1_1_U142        |mux_864_16_1_1        |        0|   0|    0|  43|    0|
    |mux_864_16_1_1_U143        |mux_864_16_1_1        |        0|   0|    0|  43|    0|
    |mux_864_16_1_1_U144        |mux_864_16_1_1        |        0|   0|    0|  43|    0|
    |mux_864_16_1_1_U145        |mux_864_16_1_1        |        0|   0|    0|  43|    0|
    |mux_864_16_1_1_U146        |mux_864_16_1_1        |        0|   0|    0|  43|    0|
    |mux_864_16_1_1_U147        |mux_864_16_1_1        |        0|   0|    0|  43|    0|
    |mux_864_16_1_1_U148        |mux_864_16_1_1        |        0|   0|    0|  43|    0|
    |mux_864_16_1_1_U149        |mux_864_16_1_1        |        0|   0|    0|  43|    0|
    |mux_864_16_1_1_U150        |mux_864_16_1_1        |        0|   0|    0|  43|    0|
    |mux_864_16_1_1_U151        |mux_864_16_1_1        |        0|   0|    0|  43|    0|
    |mux_864_16_1_1_U152        |mux_864_16_1_1        |        0|   0|    0|  43|    0|
    |mux_864_16_1_1_U153        |mux_864_16_1_1        |        0|   0|    0|  43|    0|
    |mux_864_16_1_1_U154        |mux_864_16_1_1        |        0|   0|    0|  43|    0|
    |mux_864_16_1_1_U155        |mux_864_16_1_1        |        0|   0|    0|  43|    0|
    +---------------------------+----------------------+---------+----+-----+----+-----+
    |Total                      |                      |        0|   1|  215| 689|    0|
    +---------------------------+----------------------+---------+----+-----+----+-----+

    * DSP: 
    N/A

    * Memory: 
    N/A

    * FIFO: 
    N/A

    * Expression: 
    +-----------------------------------+----------+----+---+----+------------+------------+
    |           Variable Name           | Operation| DSP| FF| LUT| Bitwidth P0| Bitwidth P1|
    +-----------------------------------+----------+----+---+----+------------+------------+
    |add_ln35_fu_351_p2                 |         +|   0|  0|  51|          44|           1|
    |add_ln36_fu_416_p2                 |         +|   0|  0|  19|          12|           1|
    |ap_block_pp0_stage1_01001          |       and|   0|  0|   2|           1|           1|
    |ap_block_state10_pp0_stage1_iter1  |       and|   0|  0|   2|           1|           1|
    |icmp_ln35_fu_357_p2                |      icmp|   0|  0|  22|          44|          44|
    |icmp_ln36_fu_362_p2                |      icmp|   0|  0|  12|          12|          12|
    |ap_block_state1                    |        or|   0|  0|   2|           1|           1|
    |or_ln215_fu_398_p2                 |        or|   0|  0|   7|           7|           1|
    |REP_fu_331_p3                      |    select|   0|  0|  32|           1|           1|
    |select_ln35_fu_367_p3              |    select|   0|  0|  12|           1|           1|
    |ap_enable_pp0                      |       xor|   0|  0|   2|           1|           2|
    +-----------------------------------+----------+----+---+----+------------+------------+
    |Total                              |          |   0|  0| 163|         125|          66|
    +-----------------------------------+----------+----+---+----+------------+------------+

    * Multiplexer: 
    +-----------------------------------------+----+-----------+-----+-----------+
    |                   Name                  | LUT| Input Size| Bits| Total Bits|
    +-----------------------------------------+----+-----------+-----+-----------+
    |ap_NS_fsm                                |  54|         10|    1|         10|
    |ap_done                                  |   9|          2|    1|          2|
    |ap_enable_reg_pp0_iter1                  |   9|          2|    1|          2|
    |ap_phi_mux_i_phi_fu_324_p4               |   9|          2|   12|         24|
    |ap_phi_mux_indvar_flatten_phi_fu_313_p4  |   9|          2|   44|         88|
    |i_reg_320                                |   9|          2|   12|         24|
    |indvar_flatten_reg_309                   |   9|          2|   44|         88|
    |mul_ln31_1_loc_blk_n                     |   9|          2|    1|          2|
    |ret_V_cast_loc_blk_n                     |   9|          2|    1|          2|
    |s_scale_blk_n                            |   9|          2|    1|          2|
    |skip1_blk_n                              |   9|          2|    1|          2|
    +-----------------------------------------+----+-----------+-----+-----------+
    |Total                                    | 144|         30|  119|        246|
    +-----------------------------------------+----+-----------+-----+-----------+

    * Register: 
    +----------------------------------+----+----+-----+-----------+
    |               Name               | FF | LUT| Bits| Const Bits|
    +----------------------------------+----+----+-----+-----------+
    |OCIC_reg_794                      |  12|   0|   12|          0|
    |REP_reg_800                       |  32|   0|   32|          0|
    |add_ln35_reg_820                  |  44|   0|   44|          0|
    |add_ln36_reg_919                  |  12|   0|   12|          0|
    |ap_CS_fsm                         |   9|   0|    9|          0|
    |ap_done_reg                       |   1|   0|    1|          0|
    |ap_enable_reg_pp0_iter0           |   1|   0|    1|          0|
    |ap_enable_reg_pp0_iter1           |   1|   0|    1|          0|
    |i_reg_320                         |  12|   0|   12|          0|
    |icmp_ln35_reg_825                 |   1|   0|    1|          0|
    |icmp_ln35_reg_825_pp0_iter1_reg   |   1|   0|    1|          0|
    |indvar_flatten_reg_309            |  44|   0|   44|          0|
    |mul_ln32_reg_815                  |  44|   0|   44|          0|
    |scale_buffer1_V_0_load_1_reg_964  |  16|   0|   16|          0|
    |scale_buffer1_V_0_load_reg_924    |  16|   0|   16|          0|
    |scale_buffer1_V_1_load_1_reg_969  |  16|   0|   16|          0|
    |scale_buffer1_V_1_load_reg_929    |  16|   0|   16|          0|
    |scale_buffer1_V_2_load_1_reg_974  |  16|   0|   16|          0|
    |scale_buffer1_V_2_load_reg_934    |  16|   0|   16|          0|
    |scale_buffer1_V_3_load_1_reg_979  |  16|   0|   16|          0|
    |scale_buffer1_V_3_load_reg_939    |  16|   0|   16|          0|
    |scale_buffer1_V_4_load_1_reg_984  |  16|   0|   16|          0|
    |scale_buffer1_V_4_load_reg_944    |  16|   0|   16|          0|
    |scale_buffer1_V_5_load_1_reg_989  |  16|   0|   16|          0|
    |scale_buffer1_V_5_load_reg_949    |  16|   0|   16|          0|
    |scale_buffer1_V_6_load_1_reg_994  |  16|   0|   16|          0|
    |scale_buffer1_V_6_load_reg_954    |  16|   0|   16|          0|
    |scale_buffer1_V_7_load_1_reg_999  |  16|   0|   16|          0|
    |scale_buffer1_V_7_load_reg_959    |  16|   0|   16|          0|
    |select_ln35_reg_829               |  12|   0|   12|          0|
    |trunc_ln215_reg_834               |   6|   0|    6|          0|
    +----------------------------------+----+----+-----+-----------+
    |Total                             | 488|   0|  488|          0|
    +----------------------------------+----+----+-----+-----------+



================================================================
== Interface
================================================================
* Summary: 
+----------------------------+-----+-----+------------+------------------------------------------------+--------------+
|          RTL Ports         | Dir | Bits|  Protocol  |                  Source Object                 |    C Type    |
+----------------------------+-----+-----+------------+------------------------------------------------+--------------+
|ap_clk                      |   in|    1|  ap_ctrl_hs|  M2S_repeat<16, 16, ap_int<16>, ap_int<256> >21|  return value|
|ap_rst                      |   in|    1|  ap_ctrl_hs|  M2S_repeat<16, 16, ap_int<16>, ap_int<256> >21|  return value|
|ap_start                    |   in|    1|  ap_ctrl_hs|  M2S_repeat<16, 16, ap_int<16>, ap_int<256> >21|  return value|
|ap_done                     |  out|    1|  ap_ctrl_hs|  M2S_repeat<16, 16, ap_int<16>, ap_int<256> >21|  return value|
|ap_continue                 |   in|    1|  ap_ctrl_hs|  M2S_repeat<16, 16, ap_int<16>, ap_int<256> >21|  return value|
|ap_idle                     |  out|    1|  ap_ctrl_hs|  M2S_repeat<16, 16, ap_int<16>, ap_int<256> >21|  return value|
|ap_ready                    |  out|    1|  ap_ctrl_hs|  M2S_repeat<16, 16, ap_int<16>, ap_int<256> >21|  return value|
|s_scale_din                 |  out|  256|     ap_fifo|                                         s_scale|       pointer|
|s_scale_full_n              |   in|    1|     ap_fifo|                                         s_scale|       pointer|
|s_scale_write               |  out|    1|     ap_fifo|                                         s_scale|       pointer|
|scale_buffer1_V_0_address0  |  out|    7|   ap_memory|                               scale_buffer1_V_0|         array|
|scale_buffer1_V_0_ce0       |  out|    1|   ap_memory|                               scale_buffer1_V_0|         array|
|scale_buffer1_V_0_q0        |   in|   16|   ap_memory|                               scale_buffer1_V_0|         array|
|scale_buffer1_V_0_address1  |  out|    7|   ap_memory|                               scale_buffer1_V_0|         array|
|scale_buffer1_V_0_ce1       |  out|    1|   ap_memory|                               scale_buffer1_V_0|         array|
|scale_buffer1_V_0_q1        |   in|   16|   ap_memory|                               scale_buffer1_V_0|         array|
|scale_buffer1_V_1_address0  |  out|    7|   ap_memory|                               scale_buffer1_V_1|         array|
|scale_buffer1_V_1_ce0       |  out|    1|   ap_memory|                               scale_buffer1_V_1|         array|
|scale_buffer1_V_1_q0        |   in|   16|   ap_memory|                               scale_buffer1_V_1|         array|
|scale_buffer1_V_1_address1  |  out|    7|   ap_memory|                               scale_buffer1_V_1|         array|
|scale_buffer1_V_1_ce1       |  out|    1|   ap_memory|                               scale_buffer1_V_1|         array|
|scale_buffer1_V_1_q1        |   in|   16|   ap_memory|                               scale_buffer1_V_1|         array|
|scale_buffer1_V_2_address0  |  out|    7|   ap_memory|                               scale_buffer1_V_2|         array|
|scale_buffer1_V_2_ce0       |  out|    1|   ap_memory|                               scale_buffer1_V_2|         array|
|scale_buffer1_V_2_q0        |   in|   16|   ap_memory|                               scale_buffer1_V_2|         array|
|scale_buffer1_V_2_address1  |  out|    7|   ap_memory|                               scale_buffer1_V_2|         array|
|scale_buffer1_V_2_ce1       |  out|    1|   ap_memory|                               scale_buffer1_V_2|         array|
|scale_buffer1_V_2_q1        |   in|   16|   ap_memory|                               scale_buffer1_V_2|         array|
|scale_buffer1_V_3_address0  |  out|    7|   ap_memory|                               scale_buffer1_V_3|         array|
|scale_buffer1_V_3_ce0       |  out|    1|   ap_memory|                               scale_buffer1_V_3|         array|
|scale_buffer1_V_3_q0        |   in|   16|   ap_memory|                               scale_buffer1_V_3|         array|
|scale_buffer1_V_3_address1  |  out|    7|   ap_memory|                               scale_buffer1_V_3|         array|
|scale_buffer1_V_3_ce1       |  out|    1|   ap_memory|                               scale_buffer1_V_3|         array|
|scale_buffer1_V_3_q1        |   in|   16|   ap_memory|                               scale_buffer1_V_3|         array|
|scale_buffer1_V_4_address0  |  out|    7|   ap_memory|                               scale_buffer1_V_4|         array|
|scale_buffer1_V_4_ce0       |  out|    1|   ap_memory|                               scale_buffer1_V_4|         array|
|scale_buffer1_V_4_q0        |   in|   16|   ap_memory|                               scale_buffer1_V_4|         array|
|scale_buffer1_V_4_address1  |  out|    7|   ap_memory|                               scale_buffer1_V_4|         array|
|scale_buffer1_V_4_ce1       |  out|    1|   ap_memory|                               scale_buffer1_V_4|         array|
|scale_buffer1_V_4_q1        |   in|   16|   ap_memory|                               scale_buffer1_V_4|         array|
|scale_buffer1_V_5_address0  |  out|    7|   ap_memory|                               scale_buffer1_V_5|         array|
|scale_buffer1_V_5_ce0       |  out|    1|   ap_memory|                               scale_buffer1_V_5|         array|
|scale_buffer1_V_5_q0        |   in|   16|   ap_memory|                               scale_buffer1_V_5|         array|
|scale_buffer1_V_5_address1  |  out|    7|   ap_memory|                               scale_buffer1_V_5|         array|
|scale_buffer1_V_5_ce1       |  out|    1|   ap_memory|                               scale_buffer1_V_5|         array|
|scale_buffer1_V_5_q1        |   in|   16|   ap_memory|                               scale_buffer1_V_5|         array|
|scale_buffer1_V_6_address0  |  out|    7|   ap_memory|                               scale_buffer1_V_6|         array|
|scale_buffer1_V_6_ce0       |  out|    1|   ap_memory|                               scale_buffer1_V_6|         array|
|scale_buffer1_V_6_q0        |   in|   16|   ap_memory|                               scale_buffer1_V_6|         array|
|scale_buffer1_V_6_address1  |  out|    7|   ap_memory|                               scale_buffer1_V_6|         array|
|scale_buffer1_V_6_ce1       |  out|    1|   ap_memory|                               scale_buffer1_V_6|         array|
|scale_buffer1_V_6_q1        |   in|   16|   ap_memory|                               scale_buffer1_V_6|         array|
|scale_buffer1_V_7_address0  |  out|    7|   ap_memory|                               scale_buffer1_V_7|         array|
|scale_buffer1_V_7_ce0       |  out|    1|   ap_memory|                               scale_buffer1_V_7|         array|
|scale_buffer1_V_7_q0        |   in|   16|   ap_memory|                               scale_buffer1_V_7|         array|
|scale_buffer1_V_7_address1  |  out|    7|   ap_memory|                               scale_buffer1_V_7|         array|
|scale_buffer1_V_7_ce1       |  out|    1|   ap_memory|                               scale_buffer1_V_7|         array|
|scale_buffer1_V_7_q1        |   in|   16|   ap_memory|                               scale_buffer1_V_7|         array|
|mul_ln31_1_loc_dout         |   in|   32|     ap_fifo|                                  mul_ln31_1_loc|       pointer|
|mul_ln31_1_loc_empty_n      |   in|    1|     ap_fifo|                                  mul_ln31_1_loc|       pointer|
|mul_ln31_1_loc_read         |  out|    1|     ap_fifo|                                  mul_ln31_1_loc|       pointer|
|ret_V_cast_loc_dout         |   in|   12|     ap_fifo|                                  ret_V_cast_loc|       pointer|
|ret_V_cast_loc_empty_n      |   in|    1|     ap_fifo|                                  ret_V_cast_loc|       pointer|
|ret_V_cast_loc_read         |  out|    1|     ap_fifo|                                  ret_V_cast_loc|       pointer|
|skip1_dout                  |   in|    1|     ap_fifo|                                           skip1|       pointer|
|skip1_empty_n               |   in|    1|     ap_fifo|                                           skip1|       pointer|
|skip1_read                  |  out|    1|     ap_fifo|                                           skip1|       pointer|
+----------------------------+-----+-----+------------+------------------------------------------------+--------------+

